failed to load config from /Users/rogerluo/程序目录/K线大模型/frontend/vite.config.ts
error when starting dev server:
TypeError: Cannot read properties of undefined (reading 'DEV')
    at resolveProxyTargets (file:///Users/rogerluo/%E7%A8%8B%E5%BA%8F%E7%9B%AE%E5%BD%95/K%E7%BA%BF%E5%A4%A7%E6%A8%A1%E5%9E%8B/frontend/node_modules/.vite-temp/vite.config.ts.timestamp-1783427159277-dc94a19583367.mjs:13:23)
    at file:///Users/rogerluo/%E7%A8%8B%E5%BA%8F%E7%9B%AE%E5%BD%95/K%E7%BA%BF%E5%A4%A7%E6%A8%A1%E5%9E%8B/frontend/node_modules/.vite-temp/vite.config.ts.timestamp-1783427159277-dc94a19583367.mjs:34:20
    at ModuleJob.run (node:internal/modules/esm/module_job:439:25)
    at async node:internal/modules/esm/loader:633:26
    at async loadConfigFromBundledFile (file:///Users/rogerluo/%E7%A8%8B%E5%BA%8F%E7%9B%AE%E5%BD%95/K%E7%BA%BF%E5%A4%A7%E6%A8%A1%E5%9E%8B/frontend/node_modules/.pnpm/vite@6.4.3_@types+node@26.0.1/node_modules/vite/dist/node/chunks/dep-Dm0c1Wj2.js:49590:15)
    at async bundleAndLoadConfigFile (file:///Users/rogerluo/%E7%A8%8B%E5%BA%8F%E7%9B%AE%E5%BD%95/K%E7%BA%BF%E5%A4%A7%E6%A8%A1%E5%9E%8B/frontend/node_modules/.pnpm/vite@6.4.3_@types+node@26.0.1/node_modules/vite/dist/node/chunks/dep-Dm0c1Wj2.js:49433:22)
    at async loadConfigFromFile (file:///Users/rogerluo/%E7%A8%8B%E5%BA%8F%E7%9B%AE%E5%BD%95/K%E7%BA%BF%E5%A4%A7%E6%A8%A1%E5%9E%8B/frontend/node_modules/.pnpm/vite@6.4.3_@types+node@26.0.1/node_modules/vite/dist/node/chunks/dep-Dm0c1Wj2.js:49396:44)
    at async resolveConfig (file:///Users/rogerluo/%E7%A8%8B%E5%BA%8F%E7%9B%AE%E5%BD%95/K%E7%BA%BF%E5%A4%A7%E6%A8%A1%E5%9E%8B/frontend/node_modules/.pnpm/vite@6.4.3_@types+node@26.0.1/node_modules/vite/dist/node/chunks/dep-Dm0c1Wj2.js:48891:24)
    at async _createServer (file:///Users/rogerluo/%E7%A8%8B%E5%BA%8F%E7%9B%AE%E5%BD%95/K%E7%BA%BF%E5%A4%A7%E6%A8%A1%E5%9E%8B/frontend/node_modules/.pnpm/vite@6.4.3_@types+node@26.0.1/node_modules/vite/dist/node/chunks/dep-Dm0c1Wj2.js:38478:66)
    at async CAC.<anonymous> (file:///Users/rogerluo/%E7%A8%8B%E5%BA%8F%E7%9B%AE%E5%BD%95/K%E7%BA%BF%E5%A4%A7%E6%A8%A1%E5%9E%8B/frontend/node_modules/.pnpm/vite@6.4.3_@types+node@26.0.1/node_modules/vite/dist/node/cli.js:753:20)
8:26:53 PM [vite] (client) Re-optimizing dependencies because vite config has changed

  VITE v6.4.3  ready in 111 ms

  ➜  Local:   http://127.0.0.1:3000/
  ➜  press h + enter to show help
1:05:42 AM [vite] (client) hmr update /src/App.tsx, /src/contexts/AuthContext.tsx
9:40:24 AM [vite] (client) hmr update /src/App.tsx, /src/contexts/AuthContext.tsx
1:36:39 PM [vite] (client) hmr update /src/App.tsx, /src/contexts/AuthContext.tsx
2:30:57 PM [vite] (client) hmr update /src/App.tsx, /src/contexts/AuthContext.tsx
2:31:08 PM [vite] (client) hmr update /src/App.tsx, /src/contexts/AuthContext.tsx
