[bridge] starting: lark-cli event consume im.message.receive_v1 --as bot --timeout 24h
[event] consuming as cli_aacde12ce1385be9 (cli_aacde12ce1385be9)
[event] local bus not found; checking remote connections...
[event] remote connection check: online_instance_cnt=0
[event] started bus daemon pid=23244 (auto-exits 30s after last consumer)
[event] listening for events (key=im.message.receive_v1), ctrl+c to stop
[event] ready event_key=im.message.receive_v1
[source] feishu-websocket: connected
[source] feishu-websocket: disconnected
[source] feishu-websocket: reconnecting (attempt 1)
[source] feishu-websocket: connected
[bridge] failed to forward event: <urlopen error [Errno 61] Connection refused>
[source] feishu-websocket: disconnected
[source] feishu-websocket: reconnecting (attempt 1)
[source] feishu-websocket: connected
[source] feishu-websocket: disconnected
[source] feishu-websocket: reconnecting (attempt 1)
[source] feishu-websocket: connected
[source] feishu-websocket: disconnected
[source] feishu-websocket: reconnecting (attempt 1)
[source] feishu-websocket: connected
[source] feishu-websocket: disconnected
[source] feishu-websocket: reconnecting (attempt 1)
[source] feishu-websocket: reconnecting (attempt 2)
[source] feishu-websocket: reconnecting (attempt 3)
[source] feishu-websocket: reconnecting (attempt 4)
[source] feishu-websocket: reconnecting (attempt 5)
[source] feishu-websocket: reconnecting (attempt 6)
[source] feishu-websocket: reconnecting (attempt 7)
[source] feishu-websocket: reconnecting (attempt 8)
[source] feishu-websocket: reconnecting (attempt 9)
[source] feishu-websocket: reconnecting (attempt 10)
[source] feishu-websocket: reconnecting (attempt 11)
[source] feishu-websocket: reconnecting (attempt 12)
[source] feishu-websocket: connected
