=== V4节点迁移日志 ===
时间: 2026-06-24T21:11:02.924265
dry_run: False

[AC-1] 加载V4 JSON配置...
  - JSON配置加载成功: 3 themes, 12 nodes
[AC-1] 读取PG supply_chain_bom_nodes表...
  - PG表读取成功: 5 rows
[准备] themes数据: 3 条
  - 合并模式: JSON 12 + PG 5 → 合并后 12 nodes (去重)
[AC-2] 所有节点已补充chokepoint_level='普通'
[AC-3] 节点数 12 >= 4 ✓
[插入] industry_themes: 3 条
[插入] chain_nodes: 12 条
[验证] 开始验证...
  - industry_themes行数: 3
  - chain_nodes行数: 12
  - FK theme_id错误: 0
  - FK parent_node_id错误: 0
[AC-4] FK theme_id一致性验证通过 ✓
[AC-4] FK parent_node_id一致性验证通过 ✓

迁移完成.