📅 walk-forward 样本外: 2024-01 ~ 2025-12 (24 月)
   调参窗口: 3 月 (冻结参数, 仅口径校验, 不真调参)
   成本: 14bp | 多日持有 AC-1 | 后复权 Q-4 | 加权 AC-6

[1/24] OOS=2024-01 (train 2023-10..2023-12)
  📊 涨跌比: 59% | 5日均: 43% | 10日均: 39% | 🟠weak | 前日: 2023-12-29
  🔬 硬科技门控: 5399 → 460 只 (仅国家鼓励的硬科技赛道)
  ⚡ K线预取: 2261 只, 0.4s
  ✅ 筛选: 15 只
  📊 涨跌比: 42% | 5日均: 61% | 10日均: 61% | 🟢bull | 前日: 2024-01-02
  🔬 硬科技门控: 5399 → 460 只 (仅国家鼓励的硬科技赛道)
  ⚡ K线预取: 2262 只, 0.3s
  ✅ 筛选: 23 只
  📊 涨跌比: 36% | 5日均: 45% | 10日均: 44% | 🟠weak | 前日: 2024-01-03
  🔬 硬科技门控: 5399 → 460 只 (仅国家鼓励的硬科技赛道)
  ⚡ K线预取: 2262 只, 0.3s
  ✅ 筛选: 19 只
  🛑 熔断: 涨跌比10%<18%
  🛑 熔断: 涨跌比7%<18%
  📊 涨跌比: 65% | 5日均: 54% | 10日均: 52% | 🟡neutral | 前日: 2024-01-08
  🔬 硬科技门控: 5399 → 460 只 (仅国家鼓励的硬科技赛道)
  ⚡ K线预取: 2264 只, 0.3s
  ✅ 筛选: 2 只
  📊 涨跌比: 29% | 5日均: 43% | 10日均: 42% | 🟠weak | 前日: 2024-01-09
  🔬 硬科技门控: 5399 → 460 只 (仅国家鼓励的硬科技赛道)
  ⚡ K线预取: 2264 只, 0.3s
  ✅ 筛选: 2 只
  📊 涨跌比: 82% | 5日均: 56% | 10日均: 55% | 🟢bull | 前日: 2024-01-10
  🔬 硬科技门控: 5399 → 460 只 (仅国家鼓励的硬科技赛道)
  ⚡ K线预取: 2266 只, 0.3s
  ✅ 筛选: 1 只
  📊 涨跌比: 27% | 5日均: 32% | 10日均: 37% | 🟠weak | 前日: 2024-01-11
  🔬 硬科技门控: 5399 → 460 只 (仅国家鼓励的硬科技赛道)
  ⚡ K线预取: 2267 只, 0.3s
  ✅ 筛选: 1 只
  📊 涨跌比: 38% | 5日均: 48% | 10日均: 52% | 🟡neutral | 前日: 2024-01-12
  🔬 硬科技门控: 5399 → 460 只 (仅国家鼓励的硬科技赛道)
  ⚡ K线预取: 2267 只, 0.3s
  ✅ 筛选: 0 只
  📊 涨跌比: 38% | 5日均: 28% | 10日均: 30% | 🟠weak | 前日: 2024-01-15
  🔬 硬科技门控: 5399 → 460 只 (仅国家鼓励的硬科技赛道)
  ⚡ K线预取: 2267 只, 0.3s
  ✅ 筛选: 1 只
  🛑 熔断: 涨跌比5%<18%
  📊 涨跌比: 34% | 5日均: 27% | 10日均: 27% | 🟠weak | 前日: 2024-01-17
  🔬 硬科技门控: 5399 → 460 只 (仅国家鼓励的硬科技赛道)
  ⚡ K线预取: 2268 只, 0.3s
  ✅ 筛选: 4 只
  📊 涨跌比: 24% | 5日均: 43% | 10日均: 42% | 🟠weak | 前日: 2024-01-18
  🔬 硬科技门控: 5399 → 460 只 (仅国家鼓励的硬科技赛道)
  ⚡ K线预取: 2268 只, 0.3s
  ✅ 筛选: 6 只
  🛑 熔断: 涨跌比3%<18%
  📊 涨跌比: 61% | 5日均: 42% | 10日均: 43% | 🟠weak | 前日: 2024-01-22
  🔬 硬科技门控: 5399 → 460 只 (仅国家鼓励的硬科技赛道)
  ⚡ K线预取: 2268 只, 0.3s
  ✅ 筛选: 0 只
  📊 涨跌比: 77% | 5日均: 36% | 10日均: 31% | 🟠weak | 前日: 2024-01-23
  🔬 硬科技门控: 5399 → 460 只 (仅国家鼓励的硬科技赛道)
  ⚡ K线预取: 2269 只, 0.4s
  ✅ 筛选: 1 只
  📊 涨跌比: 88% | 5日均: 43% | 10日均: 43% | 🟠weak | 前日: 2024-01-24
  🔬 硬科技门控: 5399 → 460 只 (仅国家鼓励的硬科技赛道)
  ⚡ K线预取: 2270 只, 0.4s
  ✅ 筛选: 1 只
  📊 涨跌比: 43% | 5日均: 39% | 10日均: 37% | 🟠weak | 前日: 2024-01-25
  🔬 硬科技门控: 5399 → 460 只 (仅国家鼓励的硬科技赛道)
  ⚡ K线预取: 2270 只, 0.4s
  ✅ 筛选: 2 只
  🛑 熔断: 涨跌比11%<18%
  🛑 熔断: 涨跌比8%<18%
  🛑 熔断: 涨跌比14%<18%
   → 29笔 | 加权net均值 -6.4975% | 净胜率 6.9% | 7s
[2/24] OOS=2024-02 (train 2023-11..2024-01)
  📊 涨跌比: 20% | 5日均: 30% | 10日均: 32% | 🟠weak | 前日: 2024-01-31
  🔬 硬科技门控: 5399 → 460 只 (仅国家鼓励的硬科技赛道)
  ⚡ K线预取: 2273 只, 0.4s
  ✅ 筛选: 0 只
  🛑 熔断: 涨跌比8%<18%
  🛑 熔断: 涨跌比10%<18%
  📊 涨跌比: 75% | 5日均: 39% | 10日均: 38% | 🟠weak | 前日: 2024-02-05
  🔬 硬科技门控: 5399 → 460 只 (仅国家鼓励的硬科技赛道)
  ⚡ K线预取: 2274 只, 0.4s
  ✅ 筛选: 1 只
  📊 涨跌比: 43% | 5日均: 25% | 10日均: 28% | 🟠weak | 前日: 2024-02-06
  🔬 硬科技门控: 5399 → 460 只 (仅国家鼓励的硬科技赛道)
  ⚡ K线预取: 2274 只, 0.3s
  ✅ 筛选: 1 只
  📊 涨跌比: 87% | 5日均: 39% | 10日均: 39% | 🟠weak | 前日: 2024-02-07
  🔬 硬科技门控: 5399 → 460 只 (仅国家鼓励的硬科技赛道)
  ⚡ K线预取: 2275 只, 0.3s
  ✅ 筛选: 6 只
  📊 涨跌比: 80% | 5日均: 32% | 10日均: 28% | 🟠weak | 前日: 2024-02-08
  🔬 硬科技门控: 5399 → 460 只 (仅国家鼓励的硬科技赛道)
  ⚡ K线预取: 2275 只, 0.3s
  ✅ 筛选: 3 只
  📊 涨跌比: 69% | 5日均: 51% | 10日均: 45% | 🟠weak | 前日: 2024-02-19
  🔬 硬科技门控: 5399 → 460 只 (仅国家鼓励的硬科技赛道)
  ⚡ K线预取: 2275 只, 0.3s
  ✅ 筛选: 5 只
  📊 涨跌比: 77% | 5日均: 46% | 10日均: 39% | 🟠weak | 前日: 2024-02-20
  🔬 硬科技门控: 5399 → 460 只 (仅国家鼓励的硬科技赛道)
  ⚡ K线预取: 2276 只, 0.3s
  ✅ 筛选: 9 只
  📊 涨跌比: 85% | 5日均: 65% | 10日均: 58% | 🟢bull | 前日: 2024-02-21
  🔬 硬科技门控: 5399 → 460 只 (仅国家鼓励的硬科技赛道)
  ⚡ K线预取: 2276 只, 0.4s
  ✅ 筛选: 4 只
  📊 涨跌比: 78% | 5日均: 58% | 10日均: 52% | 🟡neutral | 前日: 2024-02-22
  🔬 硬科技门控: 5399 → 460 只 (仅国家鼓励的硬科技赛道)
  ⚡ K线预取: 2277 只, 0.3s
  ✅ 筛选: 5 只
  📊 涨跌比: 67% | 5日均: 77% | 10日均: 71% | 🟢bull | 前日: 2024-02-23
  🔬 硬科技门控: 5399 → 460 只 (仅国家鼓励的硬科技赛道)
  ⚡ K线预取: 2278 只, 0.4s
  ✅ 筛选: 2 只
  📊 涨跌比: 94% | 5日均: 75% | 10日均: 66% | 🟢bull | 前日: 2024-02-26
  🔬 硬科技门控: 5399 → 460 只 (仅国家鼓励的硬科技赛道)
  ⚡ K线预取: 2278 只, 0.4s
  ✅ 筛选: 1 只
  🛑 熔断: 涨跌比6%<18%
  📊 涨跌比: 98% | 5日均: 86% | 10日均: 80% | 🟢bull | 前日: 2024-02-28
  🔬 硬科技门控: 5399 → 460 只 (仅国家鼓励的硬科技赛道)
  ⚡ K线预取: 2279 只, 0.4s
  ✅ 筛选: 16 只
   → 16笔 | 加权net均值 +0.0018% | 净胜率 25.0% | 6s
[3/24] OOS=2024-03 (train 2023-12..2024-02)
  📊 涨跌比: 65% | 5日均: 59% | 10日均: 61% | 🟢bull | 前日: 2024-02-29
  🔬 硬科技门控: 5399 → 460 只 (仅国家鼓励的硬科技赛道)
  ⚡ K线预取: 2280 只, 0.3s
  ✅ 筛选: 13 只
  📊 涨跌比: 37% | 5日均: 77% | 10日均: 81% | 🟢bull | 前日: 2024-03-01
  🔬 硬科技门控: 5399 → 460 只 (仅国家鼓励的硬科技赛道)
  ⚡ K线预取: 2280 只, 0.3s
  ✅ 筛选: 12 只
  📊 涨跌比: 18% | 5日均: 49% | 10日均: 54% | 🟡neutral | 前日: 2024-03-04
  🔬 硬科技门控: 5399 → 460 只 (仅国家鼓励的硬科技赛道)
  ⚡ K线预取: 2280 只, 0.3s
  ✅ 筛选: 65 只
  📊 涨跌比: 68% | 5日均: 75% | 10日均: 76% | 🟢bull | 前日: 2024-03-05
  🔬 硬科技门控: 5399 → 460 只 (仅国家鼓励的硬科技赛道)
  ⚡ K线预取: 2281 只, 0.3s
  ✅ 筛选: 47 只
  📊 涨跌比: 31% | 5日均: 38% | 10日均: 43% | 🟠weak | 前日: 2024-03-06
  🔬 硬科技门控: 5399 → 460 只 (仅国家鼓励的硬科技赛道)
  ⚡ K线预取: 2281 只, 0.3s
  ✅ 筛选: 37 只
  📊 涨跌比: 68% | 5日均: 73% | 10日均: 74% | 🟢bull | 前日: 2024-03-07
  🔬 硬科技门控: 5399 → 460 只 (仅国家鼓励的硬科技赛道)
  ⚡ K线预取: 2282 只, 0.4s
  ✅ 筛选: 31 只
  📊 涨跌比: 84% | 5日均: 41% | 10日均: 39% | 🟠weak | 前日: 2024-03-08
  🔬 硬科技门控: 5399 → 460 只 (仅国家鼓励的硬科技赛道)
  ⚡ K线预取: 2282 只, 0.4s
  ✅ 筛选: 43 只
  📊 涨跌比: 68% | 5日均: 68% | 10日均: 70% | 🟢bull | 前日: 2024-03-11
  🔬 硬科技门控: 5399 → 460 只 (仅国家鼓励的硬科技赛道)
  ⚡ K线预取: 2282 只, 0.4s
  ✅ 筛选: 37 只
  📊 涨跌比: 39% | 5日均: 47% | 10日均: 44% | 🟠weak | 前日: 2024-03-12
  🔬 硬科技门控: 5399 → 460 只 (仅国家鼓励的硬科技赛道)
  ⚡ K线预取: 2282 只, 0.4s
  ✅ 筛选: 40 只
  📊 涨跌比: 32% | 5日均: 55% | 10日均: 61% | 🟢bull | 前日: 2024-03-13
  🔬 硬科技门控: 5399 → 460 只 (仅国家鼓励的硬科技赛道)
  ⚡ K线预取: 2283 只, 0.4s
  ✅ 筛选: 73 只
  📊 涨跌比: 85% | 5日均: 51% | 10日均: 49% | 🟡neutral | 前日: 2024-03-14
  🔬 硬科技门控: 5399 → 460 只 (仅国家鼓励的硬科技赛道)
  ⚡ K线预取: 2283 只, 0.4s
  ✅ 筛选: 59 只
  📊 涨跌比: 86% | 5日均: 64% | 10日均: 60% | 🟢bull | 前日: 2024-03-15
  🔬 硬科技门控: 5399 → 460 只 (仅国家鼓励的硬科技赛道)
  ⚡ K线预取: 2283 只, 0.3s
  ✅ 筛选: 25 只
  📊 涨跌比: 31% | 5日均: 54% | 10日均: 53% | 🟡neutral | 前日: 2024-03-18
  🔬 硬科技门控: 5399 → 460 只 (仅国家鼓励的硬科技赛道)
  ⚡ K线预取: 2283 只, 0.3s
  ✅ 筛选: 35 只
  📊 涨跌比: 74% | 5日均: 66% | 10日均: 65% | 🟢bull | 前日: 2024-03-19
  🔬 硬科技门控: 5399 → 460 只 (仅国家鼓励的硬科技赛道)
  ⚡ K线预取: 2283 只, 0.3s
  ✅ 筛选: 51 只
  📊 涨跌比: 42% | 5日均: 56% | 10日均: 55% | 🟢bull | 前日: 2024-03-20
  🔬 硬科技门控: 5399 → 460 只 (仅国家鼓励的硬科技赛道)
  ⚡ K线预取: 2285 只, 0.3s
  ✅ 筛选: 50 只
  🛑 熔断: 涨跌比17%<18%
  🛑 熔断: 涨跌比15%<18%
  📊 涨跌比: 51% | 5日均: 52% | 10日均: 54% | 🟡neutral | 前日: 2024-03-25
  🔬 硬科技门控: 5399 → 460 只 (仅国家鼓励的硬科技赛道)
  ⚡ K线预取: 2285 只, 0.3s
  ✅ 筛选: 25 只
  🛑 熔断: 涨跌比14%<18%
  📊 涨跌比: 86% | 5日均: 63% | 10日均: 58% | 🟢bull | 前日: 2024-03-27
  🔬 硬科技门控: 5399 → 460 只 (仅国家鼓励的硬科技赛道)
  ⚡ K线预取: 2285 只, 0.4s
  ✅ 筛选: 12 只
  📊 涨跌比: 73% | 5日均: 35% | 10日均: 36% | 🟠weak | 前日: 2024-03-28
  🔬 硬科技门控: 5399 → 460 只 (仅国家鼓励的硬科技赛道)
  ⚡ K线预取: 2286 只, 0.4s
  ✅ 筛选: 16 只
   → 128笔 | 加权net均值 -0.8493% | 净胜率 45.3% | 9s
[4/24] OOS=2024-04 (train 2024-01..2024-03)
  📊 涨跌比: 87% | 5日均: 63% | 10日均: 63% | 🟢bull | 前日: 2024-03-29
  🔬 硬科技门控: 5399 → 460 只 (仅国家鼓励的硬科技赛道)
  ⚡ K线预取: 2286 只, 0.3s
  ✅ 筛选: 24 只
  📊 涨跌比: 45% | 5日均: 38% | 10日均: 36% | 🟠weak | 前日: 2024-04-01
  🔬 硬科技门控: 5399 → 460 只 (仅国家鼓励的硬科技赛道)
  ⚡ K线预取: 2287 只, 0.3s
  ✅ 筛选: 27 只
  📊 涨跌比: 36% | 5日均: 56% | 10日均: 59% | 🟢bull | 前日: 2024-04-02
  🔬 硬科技门控: 5399 → 460 只 (仅国家鼓励的硬科技赛道)
  ⚡ K线预取: 2287 只, 0.3s
  ✅ 筛选: 26 只
  🛑 熔断: 涨跌比15%<18%
  📊 涨跌比: 78% | 5日均: 68% | 10日均: 62% | 🟢bull | 前日: 2024-04-08
  🔬 硬科技门控: 5399 → 460 只 (仅国家鼓励的硬科技赛道)
  ⚡ K线预取: 2288 只, 0.3s
  ✅ 筛选: 10 只
  📊 涨跌比: 24% | 5日均: 34% | 10日均: 33% | 🟠weak | 前日: 2024-04-09
  🔬 硬科技门控: 5399 → 460 只 (仅国家鼓励的硬科技赛道)
  ⚡ K线预取: 2288 只, 0.4s
  ✅ 筛选: 6 只
  📊 涨跌比: 53% | 5日均: 68% | 10日均: 68% | 🟢bull | 前日: 2024-04-10
  🔬 硬科技门控: 5399 → 460 只 (仅国家鼓励的硬科技赛道)
  ⚡ K线预取: 2288 只, 0.4s
  ✅ 筛选: 4 只
  📊 涨跌比: 30% | 5日均: 37% | 10日均: 35% | 🟠weak | 前日: 2024-04-11
  🔬 硬科技门控: 5399 → 460 只 (仅国家鼓励的硬科技赛道)
  ⚡ K线预取: 2289 只, 0.4s
  ✅ 筛选: 6 只
  📊 涨跌比: 27% | 5日均: 56% | 10日均: 62% | 🟢bull | 前日: 2024-04-12
  🔬 硬科技门控: 5399 → 460 只 (仅国家鼓励的硬科技赛道)
  ⚡ K线预取: 2290 只, 0.4s
  ✅ 筛选: 4 只
  🛑 熔断: 涨跌比6%<18%
  📊 涨跌比: 97% | 5日均: 58% | 10日均: 57% | 🟢bull | 前日: 2024-04-16
  🔬 硬科技门控: 5399 → 460 只 (仅国家鼓励的硬科技赛道)
  ⚡ K线预取: 2290 只, 0.4s
  ✅ 筛选: 2 只
  📊 涨跌比: 40% | 5日均: 23% | 10日均: 23% | 🟠weak | 前日: 2024-04-17
  🔬 硬科技门控: 5399 → 460 只 (仅国家鼓励的硬科技赛道)
  ⚡ K线预取: 2290 只, 0.4s
  ✅ 筛选: 6 只
  📊 涨跌比: 34% | 5日均: 58% | 10日均: 58% | 🟢bull | 前日: 2024-04-18
  🔬 硬科技门控: 5399 → 460 只 (仅国家鼓励的硬科技赛道)
  ⚡ K线预取: 2290 只, 0.4s
  ✅ 筛选: 3 只
  📊 涨跌比: 35% | 5日均: 27% | 10日均: 25% | 🟠weak | 前日: 2024-04-19
  🔬 硬科技门控: 5399 → 460 只 (仅国家鼓励的硬科技赛道)
  ⚡ K线预取: 2290 只, 0.4s
  ✅ 筛选: 6 只
  📊 涨跌比: 58% | 5日均: 54% | 10日均: 56% | 🟢bull | 前日: 2024-04-22
  🔬 硬科技门控: 5399 → 460 只 (仅国家鼓励的硬科技赛道)
  ⚡ K线预取: 2290 只, 0.4s
  ✅ 筛选: 13 只
  📊 涨跌比: 80% | 5日均: 38% | 10日均: 32% | 🟠weak | 前日: 2024-04-23
  🔬 硬科技门控: 5399 → 460 只 (仅国家鼓励的硬科技赛道)
  ⚡ K线预取: 2290 只, 0.4s
  ✅ 筛选: 9 只
  📊 涨跌比: 55% | 5日均: 54% | 10日均: 54% | 🟡neutral | 前日: 2024-04-24
  🔬 硬科技门控: 5399 → 460 只 (仅国家鼓励的硬科技赛道)
  ⚡ K线预取: 2290 只, 0.3s
  ✅ 筛选: 16 只
  📊 涨跌比: 75% | 5日均: 47% | 10日均: 43% | 🟠weak | 前日: 2024-04-25
  🔬 硬科技门控: 5399 → 460 只 (仅国家鼓励的硬科技赛道)
  ⚡ K线预取: 2290 只, 0.3s
  ✅ 筛选: 8 只
  📊 涨跌比: 84% | 5日均: 66% | 10日均: 60% | 🟢bull | 前日: 2024-04-26
  🔬 硬科技门控: 5399 → 460 只 (仅国家鼓励的硬科技赛道)
  ⚡ K线预取: 2290 只, 0.4s
  ✅ 筛选: 5 只
  📊 涨跌比: 38% | 5日均: 54% | 10日均: 50% | 🟡neutral | 前日: 2024-04-29
  🔬 硬科技门控: 5399 → 460 只 (仅国家鼓励的硬科技赛道)
  ⚡ K线预取: 2290 只, 0.4s
  ✅ 筛选: 10 只
   → 64笔 | 加权net均值 -3.5246% | 净胜率 25.0% | 9s
[5/24] OOS=2024-05 (train 2024-02..2024-04)
  📊 涨跌比: 87% | 5日均: 64% | 10日均: 65% | 🟢bull | 前日: 2024-04-30
  🔬 硬科技门控: 5399 → 460 只 (仅国家鼓励的硬科技赛道)
  ⚡ K线预取: 2289 只, 0.3s
  ✅ 筛选: 11 只
  📊 涨跌比: 56% | 5日均: 57% | 10日均: 55% | 🟢bull | 前日: 2024-05-06
  🔬 硬科技门控: 5399 → 460 只 (仅国家鼓励的硬科技赛道)
  ⚡ K线预取: 2289 只, 0.3s
  ✅ 筛选: 9 只
  📊 涨跌比: 20% | 5日均: 61% | 10日均: 62% | 🟢bull | 前日: 2024-05-07
  🔬 硬科技门控: 5399 → 460 只 (仅国家鼓励的硬科技赛道)
  ⚡ K线预取: 2289 只, 0.3s
  ✅ 筛选: 27 只
  📊 涨跌比: 82% | 5日均: 66% | 10日均: 61% | 🟢bull | 前日: 2024-05-08
  🔬 硬科技门控: 5399 → 460 只 (仅国家鼓励的硬科技赛道)
  ⚡ K线预取: 2290 只, 0.3s
  ✅ 筛选: 27 只
  📊 涨跌比: 29% | 5日均: 55% | 10日均: 58% | 🟢bull | 前日: 2024-05-09
  🔬 硬科技门控: 5399 → 460 只 (仅国家鼓励的硬科技赛道)
  ⚡ K线预取: 2290 只, 0.3s
  ✅ 筛选: 40 只
  📊 涨跌比: 24% | 5日均: 55% | 10日均: 61% | 🟢bull | 前日: 2024-05-10
  🔬 硬科技门控: 5399 → 460 只 (仅国家鼓励的硬科技赛道)
  ⚡ K线预取: 2290 只, 0.3s
  ✅ 筛选: 28 只
  📊 涨跌比: 64% | 5日均: 56% | 10日均: 56% | 🟢bull | 前日: 2024-05-13
  🔬 硬科技门控: 5399 → 460 只 (仅国家鼓励的硬科技赛道)
  ⚡ K线预取: 2291 只, 0.3s
  ✅ 筛选: 20 只
  📊 涨跌比: 24% | 5日均: 45% | 10日均: 50% | 🟡neutral | 前日: 2024-05-14
  🔬 硬科技门控: 5399 → 460 只 (仅国家鼓励的硬科技赛道)
  ⚡ K线预取: 2291 只, 0.3s
  ✅ 筛选: 17 只
  📊 涨跌比: 51% | 5日均: 50% | 10日均: 53% | 🟡neutral | 前日: 2024-05-15
  🔬 硬科技门控: 5399 → 460 只 (仅国家鼓励的硬科技赛道)
  ⚡ K线预取: 2291 只, 0.4s
  ✅ 筛选: 16 只
  📊 涨跌比: 77% | 5日均: 53% | 10日均: 49% | 🟡neutral | 前日: 2024-05-16
  🔬 硬科技门控: 5399 → 460 只 (仅国家鼓励的硬科技赛道)
  ⚡ K线预取: 2291 只, 0.4s
  ✅ 筛选: 20 只
  📊 涨跌比: 55% | 5日均: 44% | 10日均: 47% | 🟠weak | 前日: 2024-05-17
  🔬 硬科技门控: 5399 → 460 只 (仅国家鼓励的硬科技赛道)
  ⚡ K线预取: 2291 只, 0.4s
  ✅ 筛选: 33 只
  📊 涨跌比: 22% | 5日均: 46% | 10日均: 49% | 🟡neutral | 前日: 2024-05-20
  🔬 硬科技门控: 5399 → 460 只 (仅国家鼓励的硬科技赛道)
  ⚡ K线预取: 2291 只, 0.4s
  ✅ 筛选: 50 只
  📊 涨跌比: 61% | 5日均: 52% | 10日均: 48% | 🟠weak | 前日: 2024-05-21
  🔬 硬科技门控: 5399 → 460 只 (仅国家鼓励的硬科技赛道)
  ⚡ K线预取: 2291 只, 0.4s
  ✅ 筛选: 40 只
  🛑 熔断: 涨跌比18%<18%
  📊 涨跌比: 27% | 5日均: 52% | 10日均: 52% | 🟡neutral | 前日: 2024-05-23
  🔬 硬科技门控: 5399 → 460 只 (仅国家鼓励的硬科技赛道)
  ⚡ K线预取: 2292 只, 0.4s
  ✅ 筛选: 19 只
  📊 涨跌比: 67% | 5日均: 42% | 10日均: 37% | 🟠weak | 前日: 2024-05-24
  🔬 硬科技门控: 5399 → 460 只 (仅国家鼓励的硬科技赛道)
  ⚡ K线预取: 2292 只, 0.4s
  ✅ 筛选: 18 只
  📊 涨跌比: 23% | 5日均: 43% | 10日均: 48% | 🟠weak | 前日: 2024-05-27
  🔬 硬科技门控: 5399 → 460 只 (仅国家鼓励的硬科技赛道)
  ⚡ K线预取: 2292 只, 0.3s
  ✅ 筛选: 21 只
  📊 涨跌比: 53% | 5日均: 47% | 10日均: 45% | 🟠weak | 前日: 2024-05-28
  🔬 硬科技门控: 5399 → 460 只 (仅国家鼓励的硬科技赛道)
  ⚡ K线预取: 2293 只, 0.3s
  ✅ 筛选: 13 只
  📊 涨跌比: 30% | 5日均: 39% | 10日均: 41% | 🟠weak | 前日: 2024-05-29
  🔬 硬科技门控: 5399 → 460 只 (仅国家鼓励的硬科技赛道)
  ⚡ K线预取: 2294 只, 0.4s
  ✅ 筛选: 14 只
  📊 涨跌比: 61% | 5日均: 44% | 10日均: 46% | 🟠weak | 前日: 2024-05-30
  🔬 硬科技门控: 5399 → 460 只 (仅国家鼓励的硬科技赛道)
  ⚡ K线预取: 2295 只, 0.3s
  ✅ 筛选: 18 只
   → 127笔 | 加权net均值 -2.2974% | 净胜率 28.3% | 9s
[6/24] OOS=2024-06 (train 2024-03..2024-05)
  🛑 熔断: 涨跌比17%<18%
  📊 涨跌比: 44% | 5日均: 49% | 10日均: 46% | 🟠weak | 前日: 2024-06-03
  🔬 硬科技门控: 5399 → 460 只 (仅国家鼓励的硬科技赛道)
  ⚡ K线预取: 2296 只, 0.3s
  ✅ 筛选: 16 只
  🛑 熔断: 涨跌比11%<18%
  🛑 熔断: 涨跌比11%<18%
  📊 涨跌比: 78% | 5日均: 32% | 10日均: 27% | 🟠weak | 前日: 2024-06-06
  🔬 硬科技门控: 5399 → 460 只 (仅国家鼓励的硬科技赛道)
  ⚡ K线预取: 2296 只, 0.4s
  ✅ 筛选: 9 只
  📊 涨跌比: 55% | 5日均: 45% | 10日均: 46% | 🟠weak | 前日: 2024-06-07
  🔬 硬科技门控: 5399 → 460 只 (仅国家鼓励的硬科技赛道)
  ⚡ K线预取: 2297 只, 0.4s
  ✅ 筛选: 6 只
  📊 涨跌比: 75% | 5日均: 42% | 10日均: 37% | 🟠weak | 前日: 2024-06-11
  🔬 硬科技门控: 5399 → 460 只 (仅国家鼓励的硬科技赛道)
  ⚡ K线预取: 2297 只, 0.4s
  ✅ 筛选: 15 只
  📊 涨跌比: 30% | 5日均: 40% | 10日均: 42% | 🟠weak | 前日: 2024-06-12
  🔬 硬科技门控: 5399 → 460 只 (仅国家鼓励的硬科技赛道)
  ⚡ K线预取: 2297 只, 0.4s
  ✅ 筛选: 21 只
  📊 涨跌比: 56% | 5日均: 48% | 10日均: 45% | 🟠weak | 前日: 2024-06-13
  🔬 硬科技门控: 5399 → 460 只 (仅国家鼓励的硬科技赛道)
  ⚡ K线预取: 2297 只, 0.4s
  ✅ 筛选: 17 只
  📊 涨跌比: 28% | 5日均: 34% | 10日均: 37% | 🟠weak | 前日: 2024-06-14
  🔬 硬科技门控: 5399 → 460 只 (仅国家鼓励的硬科技赛道)
  ⚡ K线预取: 2297 只, 0.4s
  ✅ 筛选: 9 只
  📊 涨跌比: 77% | 5日均: 60% | 10日均: 54% | 🟡neutral | 前日: 2024-06-17
  🔬 硬科技门控: 5399 → 460 只 (仅国家鼓励的硬科技赛道)
  ⚡ K线预取: 2297 只, 0.4s
  ✅ 筛选: 17 只
  📊 涨跌比: 34% | 5日均: 32% | 10日均: 33% | 🟠weak | 前日: 2024-06-18
  🔬 硬科技门控: 5399 → 460 只 (仅国家鼓励的硬科技赛道)
  ⚡ K线预取: 2297 只, 0.4s
  ✅ 筛选: 21 只
  🛑 熔断: 涨跌比16%<18%
  📊 涨跌比: 50% | 5日均: 39% | 10日均: 36% | 🟠weak | 前日: 2024-06-20
  🔬 硬科技门控: 5399 → 460 只 (仅国家鼓励的硬科技赛道)
  ⚡ K线预取: 2297 只, 0.3s
  ✅ 筛选: 23 只
  🛑 熔断: 涨跌比7%<18%
  📊 涨跌比: 58% | 5日均: 40% | 10日均: 40% | 🟠weak | 前日: 2024-06-24
  🔬 硬科技门控: 5399 → 460 只 (仅国家鼓励的硬科技赛道)
  ⚡ K线预取: 2298 只, 0.4s
  ✅ 筛选: 15 只
  📊 涨跌比: 91% | 5日均: 49% | 10日均: 48% | 🟠weak | 前日: 2024-06-25
  🔬 硬科技门控: 5399 → 460 只 (仅国家鼓励的硬科技赛道)
  ⚡ K线预取: 2298 只, 0.4s
  ✅ 筛选: 14 只
  🛑 熔断: 涨跌比11%<18%
  📊 涨跌比: 62% | 5日均: 50% | 10日均: 50% | 🟡neutral | 前日: 2024-06-27
  🔬 硬科技门控: 5399 → 460 只 (仅国家鼓励的硬科技赛道)
  ⚡ K线预取: 2298 只, 0.4s
  ✅ 筛选: 6 只
   → 53笔 | 加权net均值 -1.4900% | 净胜率 26.4% | 7s
[7/24] OOS=2024-07 (train 2024-04..2024-06)
  📊 涨跌比: 72% | 5日均: 45% | 10日均: 40% | 🟠weak | 前日: 2024-06-28
  🔬 硬科技门控: 5399 → 460 只 (仅国家鼓励的硬科技赛道)
  ⚡ K线预取: 2298 只, 0.3s
  ✅ 筛选: 8 只
  📊 涨跌比: 47% | 5日均: 44% | 10日均: 47% | 🟠weak | 前日: 2024-07-01
  🔬 硬科技门控: 5399 → 460 只 (仅国家鼓励的硬科技赛道)
  ⚡ K线预取: 2298 只, 0.3s
  ✅ 筛选: 9 只
  📊 涨跌比: 26% | 5日均: 43% | 10日均: 44% | 🟠weak | 前日: 2024-07-02
  🔬 硬科技门控: 5399 → 460 只 (仅国家鼓励的硬科技赛道)
  ⚡ K线预取: 2298 只, 0.3s
  ✅ 筛选: 8 只
  🛑 熔断: 涨跌比9%<18%
  📊 涨跌比: 73% | 5日均: 48% | 10日均: 46% | 🟠weak | 前日: 2024-07-04
  🔬 硬科技门控: 5399 → 460 只 (仅国家鼓励的硬科技赛道)
  ⚡ K线预取: 2299 只, 0.4s
  ✅ 筛选: 10 只
  🛑 熔断: 涨跌比9%<18%
  📊 涨跌比: 85% | 5日均: 54% | 10日均: 51% | 🟡neutral | 前日: 2024-07-08
  🔬 硬科技门控: 5399 → 460 只 (仅国家鼓励的硬科技赛道)
  ⚡ K线预取: 2300 只, 0.4s
  ✅ 筛选: 8 只
  📊 涨跌比: 30% | 5日均: 31% | 10日均: 37% | 🟠weak | 前日: 2024-07-09
  🔬 硬科技门控: 5399 → 460 只 (仅国家鼓励的硬科技赛道)
  ⚡ K线预取: 2300 只, 0.4s
  ✅ 筛选: 7 只
  📊 涨跌比: 94% | 5日均: 70% | 10日均: 62% | 🟢bull | 前日: 2024-07-10
  🔬 硬科技门控: 5399 → 460 只 (仅国家鼓励的硬科技赛道)
  ⚡ K线预取: 2300 只, 0.4s
  ✅ 筛选: 12 只
  📊 涨跌比: 39% | 5日均: 27% | 10日均: 29% | 🟠weak | 前日: 2024-07-11
  🔬 硬科技门控: 5399 → 460 只 (仅国家鼓励的硬科技赛道)
  ⚡ K线预取: 2300 只, 0.4s
  ✅ 筛选: 7 只
  🛑 熔断: 涨跌比18%<18%
  📊 涨跌比: 51% | 5日均: 27% | 10日均: 27% | 🟠weak | 前日: 2024-07-15
  🔬 硬科技门控: 5399 → 460 只 (仅国家鼓励的硬科技赛道)
  ⚡ K线预取: 2300 只, 0.4s
  ✅ 筛选: 6 只
  📊 涨跌比: 37% | 5日均: 61% | 10日均: 60% | 🟢bull | 前日: 2024-07-16
  🔬 硬科技门控: 5399 → 460 只 (仅国家鼓励的硬科技赛道)
  ⚡ K线预取: 2300 只, 0.3s
  ✅ 筛选: 6 只
  📊 涨跌比: 42% | 5日均: 34% | 10日均: 31% | 🟠weak | 前日: 2024-07-17
  🔬 硬科技门控: 5399 → 460 只 (仅国家鼓励的硬科技赛道)
  ⚡ K线预取: 2300 只, 0.3s
  ✅ 筛选: 9 只
  📊 涨跌比: 57% | 5日均: 58% | 10日均: 60% | 🟢bull | 前日: 2024-07-18
  🔬 硬科技门控: 5399 → 460 只 (仅国家鼓励的硬科技赛道)
  ⚡ K线预取: 2300 只, 0.3s
  ✅ 筛选: 14 只
  📊 涨跌比: 52% | 5日均: 43% | 10日均: 38% | 🟠weak | 前日: 2024-07-19
  🔬 硬科技门控: 5399 → 460 只 (仅国家鼓励的硬科技赛道)
  ⚡ K线预取: 2300 只, 0.3s
  ✅ 筛选: 19 只
  🛑 熔断: 涨跌比11%<18%
  🛑 熔断: 涨跌比17%<18%
  📊 涨跌比: 69% | 5日均: 39% | 10日均: 41% | 🟠weak | 前日: 2024-07-24
  🔬 硬科技门控: 5399 → 460 只 (仅国家鼓励的硬科技赛道)
  ⚡ K线预取: 2301 只, 0.4s
  ✅ 筛选: 10 只
  📊 涨跌比: 85% | 5日均: 50% | 10日均: 45% | 🟠weak | 前日: 2024-07-25
  🔬 硬科技门控: 5399 → 460 只 (仅国家鼓励的硬科技赛道)
  ⚡ K线预取: 2301 只, 0.4s
  ✅ 筛选: 4 只
  📊 涨跌比: 47% | 5日均: 45% | 10日均: 42% | 🟠weak | 前日: 2024-07-26
  🔬 硬科技门控: 5399 → 460 只 (仅国家鼓励的硬科技赛道)
  ⚡ K线预取: 2301 只, 0.4s
  ✅ 筛选: 10 只
  📊 涨跌比: 66% | 5日均: 53% | 10日均: 51% | 🟡neutral | 前日: 2024-07-29
  🔬 硬科技门控: 5399 → 460 只 (仅国家鼓励的硬科技赛道)
  ⚡ K线预取: 2301 只, 0.4s
  ✅ 筛选: 19 只
  📊 涨跌比: 94% | 5日均: 56% | 10日均: 50% | 🟡neutral | 前日: 2024-07-30
  🔬 硬科技门控: 5399 → 460 只 (仅国家鼓励的硬科技赛道)
  ⚡ K线预取: 2301 只, 0.4s
  ✅ 筛选: 30 只
   → 78笔 | 加权net均值 -2.5506% | 净胜率 29.5% | 9s
[8/24] OOS=2024-08 (train 2024-05..2024-07)
  📊 涨跌比: 41% | 5日均: 52% | 10日均: 53% | 🟡neutral | 前日: 2024-07-31
  🔬 硬科技门控: 5399 → 460 只 (仅国家鼓励的硬科技赛道)
  ⚡ K线预取: 2300 只, 0.4s
  ✅ 筛选: 33 只
  📊 涨跌比: 18% | 5日均: 48% | 10日均: 52% | 🟡neutral | 前日: 2024-08-01
  🔬 硬科技门控: 5399 → 460 只 (仅国家鼓励的硬科技赛道)
  ⚡ K线预取: 2301 只, 0.4s
  ✅ 筛选: 73 只
  🛑 熔断: 涨跌比9%<18%
  📊 涨跌比: 90% | 5日均: 64% | 10日均: 56% | 🟢bull | 前日: 2024-08-05
  🔬 硬科技门控: 5399 → 460 只 (仅国家鼓励的硬科技赛道)
  ⚡ K线预取: 2302 只, 0.4s
  ✅ 筛选: 34 只
  📊 涨跌比: 42% | 5日均: 49% | 10日均: 46% | 🟠weak | 前日: 2024-08-06
  🔬 硬科技门控: 5399 → 460 只 (仅国家鼓励的硬科技赛道)
  ⚡ K线预取: 2302 只, 0.4s
  ✅ 筛选: 25 只
  📊 涨跌比: 46% | 5日均: 59% | 10日均: 62% | 🟢bull | 前日: 2024-08-07
  🔬 硬科技门控: 5399 → 460 只 (仅国家鼓励的硬科技赛道)
  ⚡ K线预取: 2302 只, 0.4s
  ✅ 筛选: 31 只
  📊 涨跌比: 26% | 5日均: 37% | 10日均: 43% | 🟠weak | 前日: 2024-08-08
  🔬 硬科技门控: 5399 → 460 只 (仅国家鼓励的硬科技赛道)
  ⚡ K线预取: 2302 只, 0.4s
  ✅ 筛选: 26 只
  📊 涨跌比: 29% | 5日均: 56% | 10日均: 57% | 🟢bull | 前日: 2024-08-09
  🔬 硬科技门控: 5399 → 460 只 (仅国家鼓励的硬科技赛道)
  ⚡ K线预取: 2302 只, 0.3s
  ✅ 筛选: 10 只
  📊 涨跌比: 73% | 5日均: 38% | 10日均: 38% | 🟠weak | 前日: 2024-08-12
  🔬 硬科技门控: 5399 → 460 只 (仅国家鼓励的硬科技赛道)
  ⚡ K线预取: 2302 只, 0.3s
  ✅ 筛选: 9 只
  📊 涨跌比: 27% | 5日均: 42% | 10日均: 49% | 🟡neutral | 前日: 2024-08-13
  🔬 硬科技门控: 5399 → 460 只 (仅国家鼓励的硬科技赛道)
  ⚡ K线预取: 2302 只, 0.3s
  ✅ 筛选: 12 只
  📊 涨跌比: 77% | 5日均: 45% | 10日均: 42% | 🟠weak | 前日: 2024-08-14
  🔬 硬科技门控: 5399 → 460 只 (仅国家鼓励的硬科技赛道)
  ⚡ K线预取: 2302 只, 0.4s
  ✅ 筛选: 8 只
  📊 涨跌比: 31% | 5日均: 45% | 10日均: 43% | 🟠weak | 前日: 2024-08-15
  🔬 硬科技门控: 5399 → 460 只 (仅国家鼓励的硬科技赛道)
  ⚡ K线预取: 2302 只, 0.3s
  ✅ 筛选: 14 只
  📊 涨跌比: 38% | 5日均: 51% | 10日均: 48% | 🟡neutral | 前日: 2024-08-16
  🔬 硬科技门控: 5399 → 460 只 (仅国家鼓励的硬科技赛道)
  ⚡ K线预取: 2302 只, 0.3s
  ✅ 筛选: 19 只
  🛑 熔断: 涨跌比14%<18%
  📊 涨跌比: 35% | 5日均: 50% | 10日均: 50% | 🟡neutral | 前日: 2024-08-20
  🔬 硬科技门控: 5399 → 460 只 (仅国家鼓励的硬科技赛道)
  ⚡ K线预取: 2302 只, 0.4s
  ✅ 筛选: 9 只
  🛑 熔断: 涨跌比15%<18%
  📊 涨跌比: 37% | 5日均: 52% | 10日均: 51% | 🟡neutral | 前日: 2024-08-22
  🔬 硬科技门控: 5399 → 460 只 (仅国家鼓励的硬科技赛道)
  ⚡ K线预取: 2302 只, 0.4s
  ✅ 筛选: 7 只
  📊 涨跌比: 75% | 5日均: 32% | 10日均: 28% | 🟠weak | 前日: 2024-08-23
  🔬 硬科技门控: 5399 → 460 只 (仅国家鼓励的硬科技赛道)
  ⚡ K线预取: 2302 只, 0.4s
  ✅ 筛选: 7 只
  📊 涨跌比: 20% | 5日均: 41% | 10日均: 47% | 🟠weak | 前日: 2024-08-26
  🔬 硬科技门控: 5399 → 460 只 (仅国家鼓励的硬科技赛道)
  ⚡ K线预取: 2302 只, 0.4s
  ✅ 筛选: 2 只
  📊 涨跌比: 66% | 5日均: 40% | 10日均: 36% | 🟠weak | 前日: 2024-08-27
  🔬 硬科技门控: 5399 → 460 只 (仅国家鼓励的硬科技赛道)
  ⚡ K线预取: 2302 只, 0.4s
  ✅ 筛选: 1 只
  📊 涨跌比: 78% | 5日均: 42% | 10日均: 42% | 🟠weak | 前日: 2024-08-28
  🔬 硬科技门控: 5399 → 460 只 (仅国家鼓励的硬科技赛道)
  ⚡ K线预取: 2302 只, 0.4s
  ✅ 筛选: 3 只
  📊 涨跌比: 88% | 5日均: 52% | 10日均: 46% | 🟠weak | 前日: 2024-08-29
  🔬 硬科技门控: 5399 → 460 只 (仅国家鼓励的硬科技赛道)
  ⚡ K线预取: 2302 只, 0.4s
  ✅ 筛选: 12 只
   → 86笔 | 加权net均值 -1.9313% | 净胜率 25.6% | 9s
[9/24] OOS=2024-09 (train 2024-06..2024-08)
  🛑 熔断: 涨跌比16%<18%
  📊 涨跌比: 74% | 5日均: 64% | 10日均: 58% | 🟢bull | 前日: 2024-09-02
  🔬 硬科技门控: 5399 → 460 只 (仅国家鼓励的硬科技赛道)
  ⚡ K线预取: 2303 只, 0.4s
  ✅ 筛选: 9 只
  📊 涨跌比: 24% | 5日均: 35% | 10日均: 36% | 🟠weak | 前日: 2024-09-03
  🔬 硬科技门控: 5399 → 460 只 (仅国家鼓励的硬科技赛道)
  ⚡ K线预取: 2303 只, 0.4s
  ✅ 筛选: 7 只
  📊 涨跌比: 76% | 5日均: 76% | 10日均: 70% | 🟢bull | 前日: 2024-09-04
  🔬 硬科技门控: 5399 → 460 只 (仅国家鼓励的硬科技赛道)
  ⚡ K线预取: 2303 只, 0.4s
  ✅ 筛选: 8 只
  🛑 熔断: 涨跌比11%<18%
  📊 涨跌比: 38% | 5日均: 69% | 10日均: 72% | 🟢bull | 前日: 2024-09-06
  🔬 硬科技门控: 5399 → 460 只 (仅国家鼓励的硬科技赛道)
  ⚡ K线预取: 2303 只, 0.3s
  ✅ 筛选: 7 只
  📊 涨跌比: 62% | 5日均: 38% | 10日均: 34% | 🟠weak | 前日: 2024-09-09
  🔬 硬科技门控: 5399 → 460 只 (仅国家鼓励的硬科技赛道)
  ⚡ K线预取: 2303 只, 0.3s
  ✅ 筛选: 2 只
  📊 涨跌比: 30% | 5日均: 61% | 10日均: 65% | 🟢bull | 前日: 2024-09-10
  🔬 硬科技门控: 5399 → 460 只 (仅国家鼓励的硬科技赛道)
  ⚡ K线预取: 2303 只, 0.3s
  ✅ 筛选: 3 只
  📊 涨跌比: 37% | 5日均: 30% | 10日均: 34% | 🟠weak | 前日: 2024-09-11
  🔬 硬科技门控: 5399 → 460 只 (仅国家鼓励的硬科技赛道)
  ⚡ K线预取: 2303 只, 0.3s
  ✅ 筛选: 7 只
  📊 涨跌比: 27% | 5日均: 49% | 10日均: 55% | 🟢bull | 前日: 2024-09-12
  🔬 硬科技门控: 5399 → 460 只 (仅国家鼓励的硬科技赛道)
  ⚡ K线预取: 2304 只, 0.3s
  ✅ 筛选: 7 只
  📊 涨跌比: 31% | 5日均: 33% | 10日均: 32% | 🟠weak | 前日: 2024-09-13
  🔬 硬科技门控: 5399 → 460 只 (仅国家鼓励的硬科技赛道)
  ⚡ K线预取: 2304 只, 0.4s
  ✅ 筛选: 4 只
  📊 涨跌比: 91% | 5日均: 52% | 10日均: 51% | 🟡neutral | 前日: 2024-09-18
  🔬 硬科技门控: 5399 → 460 只 (仅国家鼓励的硬科技赛道)
  ⚡ K线预取: 2304 只, 0.4s
  ✅ 筛选: 5 只
  📊 涨跌比: 33% | 5日均: 35% | 10日均: 34% | 🟠weak | 前日: 2024-09-19
  🔬 硬科技门控: 5399 → 460 只 (仅国家鼓励的硬科技赛道)
  ⚡ K线预取: 2304 只, 0.4s
  ✅ 筛选: 16 只
  📊 涨跌比: 49% | 5日均: 47% | 10日均: 50% | 🟡neutral | 前日: 2024-09-20
  🔬 硬科技门控: 5399 → 460 只 (仅国家鼓励的硬科技赛道)
  ⚡ K线预取: 2305 只, 0.4s
  ✅ 筛选: 17 只
  📊 涨跌比: 97% | 5日均: 52% | 10日均: 44% | 🟠weak | 前日: 2024-09-23
  🔬 硬科技门控: 5399 → 460 只 (仅国家鼓励的硬科技赛道)
  ⚡ K线预取: 2306 只, 0.4s
  ✅ 筛选: 7 只
  📊 涨跌比: 82% | 5日均: 56% | 10日均: 51% | 🟡neutral | 前日: 2024-09-24
  🔬 硬科技门控: 5399 → 460 只 (仅国家鼓励的硬科技赛道)
  ⚡ K线预取: 2306 只, 0.4s
  ✅ 筛选: 30 只
  📊 涨跌比: 97% | 5日均: 59% | 10日均: 56% | 🟢bull | 前日: 2024-09-25
  🔬 硬科技门控: 5399 → 460 只 (仅国家鼓励的硬科技赛道)
  ⚡ K线预取: 2306 只, 0.4s
  ✅ 筛选: 10 只
  📊 涨跌比: 98% | 5日均: 69% | 10日均: 63% | 🟢bull | 前日: 2024-09-26
  🔬 硬科技门控: 5399 → 460 只 (仅国家鼓励的硬科技赛道)
  ⚡ K线预取: 2306 只, 0.4s
  ✅ 筛选: 6 只
  📊 涨跌比: 100% | 5日均: 71% | 10日均: 65% | 🟢bull | 前日: 2024-09-27
  🔬 硬科技门控: 5399 → 460 只 (仅国家鼓励的硬科技赛道)
  ⚡ K线预取: 2306 只, 0.4s
  ✅ 筛选: 3 只
   → 54笔 | 加权net均值 +2.0304% | 净胜率 46.3% | 9s
[10/24] OOS=2024-10 (train 2024-07..2024-09)
  📊 涨跌比: 95% | 5日均: 83% | 10日均: 76% | 🟢bull | 前日: 2024-09-30
  🔬 硬科技门控: 5399 → 460 只 (仅国家鼓励的硬科技赛道)
  ⚡ K线预取: 2308 只, 0.4s
  ✅ 筛选: 28 只
  🛑 熔断: 涨跌比5%<18%
  📊 涨跌比: 60% | 5日均: 77% | 10日均: 80% | 🟢bull | 前日: 2024-10-09
  🔬 硬科技门控: 5399 → 460 只 (仅国家鼓励的硬科技赛道)
  ⚡ K线预取: 2310 只, 0.4s
  ✅ 筛选: 132 只
  🛑 熔断: 涨跌比8%<18%
  📊 涨跌比: 95% | 5日均: 86% | 10日均: 81% | 🟢bull | 前日: 2024-10-11
  🔬 硬科技门控: 5399 → 460 只 (仅国家鼓励的硬科技赛道)
  ⚡ K线预取: 2311 只, 0.4s
  ✅ 筛选: 94 只
  📊 涨跌比: 19% | 5日均: 46% | 10日均: 54% | 🟡neutral | 前日: 2024-10-14
  🔬 硬科技门控: 5399 → 460 只 (仅国家鼓励的硬科技赛道)
  ⚡ K线预取: 2311 只, 0.4s
  ✅ 筛选: 75 只
  📊 涨跌比: 58% | 5日均: 81% | 10日均: 83% | 🟢bull | 前日: 2024-10-15
  🔬 硬科技门控: 5399 → 460 只 (仅国家鼓励的硬科技赛道)
  ⚡ K线预取: 2312 只, 0.4s
  ✅ 筛选: 46 只
  📊 涨跌比: 34% | 5日均: 34% | 10日均: 40% | 🟠weak | 前日: 2024-10-16
  🔬 硬科技门控: 5399 → 460 只 (仅国家鼓励的硬科技赛道)
  ⚡ K线预取: 2312 只, 0.4s
  ✅ 筛选: 38 只
  📊 涨跌比: 97% | 5日均: 81% | 10日均: 81% | 🟢bull | 前日: 2024-10-17
  🔬 硬科技门控: 5399 → 460 只 (仅国家鼓励的硬科技赛道)
  ⚡ K线预取: 2312 只, 0.4s
  ✅ 筛选: 32 只
  📊 涨跌比: 73% | 5日均: 28% | 10日均: 31% | 🟠weak | 前日: 2024-10-18
  🔬 硬科技门控: 5399 → 460 只 (仅国家鼓励的硬科技赛道)
  ⚡ K线预取: 2312 只, 0.4s
  ✅ 筛选: 42 只
  📊 涨跌比: 68% | 5日均: 75% | 10日均: 78% | 🟢bull | 前日: 2024-10-21
  🔬 硬科技门控: 5399 → 460 只 (仅国家鼓励的硬科技赛道)
  ⚡ K线预取: 2312 只, 0.4s
  ✅ 筛选: 83 只
  📊 涨跌比: 53% | 5日均: 38% | 10日均: 33% | 🟠weak | 前日: 2024-10-22
  🔬 硬科技门控: 5399 → 460 只 (仅国家鼓励的硬科技赛道)
  ⚡ K线预取: 2313 只, 0.4s
  ✅ 筛选: 74 只
  📊 涨跌比: 40% | 5日均: 72% | 10日均: 73% | 🟢bull | 前日: 2024-10-23
  🔬 硬科技门控: 5399 → 460 只 (仅国家鼓励的硬科技赛道)
  ⚡ K线预取: 2314 只, 0.5s
  ✅ 筛选: 84 只
  📊 涨跌比: 81% | 5日均: 52% | 10日均: 45% | 🟠weak | 前日: 2024-10-24
  🔬 硬科技门控: 5399 → 460 只 (仅国家鼓励的硬科技赛道)
  ⚡ K线预取: 2315 只, 0.5s
  ✅ 筛选: 87 只
  📊 涨跌比: 79% | 5日均: 69% | 10日均: 70% | 🟢bull | 前日: 2024-10-25
  🔬 硬科技门控: 5399 → 460 只 (仅国家鼓励的硬科技赛道)
  ⚡ K线预取: 2316 只, 0.5s
  ✅ 筛选: 54 只
  📊 涨跌比: 19% | 5日均: 52% | 10日均: 52% | 🟡neutral | 前日: 2024-10-28
  🔬 硬科技门控: 5399 → 460 只 (仅国家鼓励的硬科技赛道)
  ⚡ K线预取: 2316 只, 0.5s
  ✅ 筛选: 65 只
  📊 涨跌比: 43% | 5日均: 66% | 10日均: 67% | 🟢bull | 前日: 2024-10-29
  🔬 硬科技门控: 5399 → 460 只 (仅国家鼓励的硬科技赛道)
  ⚡ K线预取: 2317 只, 0.5s
  ✅ 筛选: 48 只
  📊 涨跌比: 67% | 5日均: 59% | 10日均: 55% | 🟢bull | 前日: 2024-10-30
  🔬 硬科技门控: 5399 → 460 只 (仅国家鼓励的硬科技赛道)
  ⚡ K线预取: 2320 只, 0.5s
  ✅ 筛选: 43 只
   → 150笔 | 加权net均值 -0.2111% | 净胜率 44.7% | 11s
[11/24] OOS=2024-11 (train 2024-08..2024-10)
  📊 涨跌比: 18% | 5日均: 50% | 10日均: 58% | 🟢bull | 前日: 2024-10-31
  🔬 硬科技门控: 5399 → 460 只 (仅国家鼓励的硬科技赛道)
  ⚡ K线预取: 2323 只, 0.4s
  ✅ 筛选: 39 只
  📊 涨跌比: 86% | 5日均: 61% | 10日均: 60% | 🟢bull | 前日: 2024-11-01
  🔬 硬科技门控: 5399 → 460 只 (仅国家鼓励的硬科技赛道)
  ⚡ K线预取: 2324 只, 0.4s
  ✅ 筛选: 20 只
  📊 涨跌比: 96% | 5日均: 56% | 10日均: 53% | 🟡neutral | 前日: 2024-11-04
  🔬 硬科技门控: 5399 → 460 只 (仅国家鼓励的硬科技赛道)
  ⚡ K线预取: 2327 只, 0.4s
  ✅ 筛选: 36 只
  📊 涨跌比: 54% | 5日均: 61% | 10日均: 61% | 🟢bull | 前日: 2024-11-05
  🔬 硬科技门控: 5399 → 460 只 (仅国家鼓励的硬科技赛道)
  ⚡ K线预取: 2328 只, 0.4s
  ✅ 筛选: 43 只
  📊 涨跌比: 85% | 5日均: 65% | 10日均: 60% | 🟢bull | 前日: 2024-11-06
  🔬 硬科技门控: 5399 → 460 只 (仅国家鼓励的硬科技赛道)
  ⚡ K线预取: 2328 只, 0.5s
  ✅ 筛选: 61 只
  📊 涨跌比: 42% | 5日均: 54% | 10日均: 58% | 🟢bull | 前日: 2024-11-07
  🔬 硬科技门控: 5399 → 460 只 (仅国家鼓励的硬科技赛道)
  ⚡ K线预取: 2328 只, 0.4s
  ✅ 筛选: 58 只
  📊 涨跌比: 75% | 5日均: 64% | 10日均: 64% | 🟢bull | 前日: 2024-11-08
  🔬 硬科技门控: 5399 → 460 只 (仅国家鼓励的硬科技赛道)
  ⚡ K线预取: 2329 只, 0.5s
  ✅ 筛选: 30 只
  📊 涨跌比: 28% | 5日均: 55% | 10日均: 54% | 🟡neutral | 前日: 2024-11-11
  🔬 硬科技门控: 5399 → 460 只 (仅国家鼓励的硬科技赛道)
  ⚡ K线预取: 2333 只, 0.5s
  ✅ 筛选: 89 只
  📊 涨跌比: 50% | 5日均: 65% | 10日均: 64% | 🟢bull | 前日: 2024-11-12
  🔬 硬科技门控: 5399 → 460 只 (仅国家鼓励的硬科技赛道)
  ⚡ K线预取: 2334 只, 0.5s
  ✅ 筛选: 109 只
  🛑 熔断: 涨跌比8%<18%
  🛑 熔断: 涨跌比17%<18%
  📊 涨跌比: 22% | 5日均: 31% | 10日均: 37% | 🟠weak | 前日: 2024-11-15
  🔬 硬科技门控: 5399 → 460 只 (仅国家鼓励的硬科技赛道)
  ⚡ K线预取: 2342 只, 0.5s
  ✅ 筛选: 12 只
  📊 涨跌比: 86% | 5日均: 63% | 10日均: 64% | 🟢bull | 前日: 2024-11-18
  🔬 硬科技门控: 5399 → 460 只 (仅国家鼓励的硬科技赛道)
  ⚡ K线预取: 2343 只, 0.5s
  ✅ 筛选: 15 只
  📊 涨跌比: 86% | 5日均: 37% | 10日均: 34% | 🟠weak | 前日: 2024-11-19
  🔬 硬科技门控: 5399 → 460 只 (仅国家鼓励的硬科技赛道)
  ⚡ K线预取: 2343 只, 0.6s
  ✅ 筛选: 18 只
  📊 涨跌比: 49% | 5日均: 55% | 10日均: 59% | 🟢bull | 前日: 2024-11-20
  🔬 硬科技门控: 5399 → 460 只 (仅国家鼓励的硬科技赛道)
  ⚡ K线预取: 2344 只, 0.6s
  ✅ 筛选: 18 只
  🛑 熔断: 涨跌比8%<18%
  📊 涨跌比: 71% | 5日均: 55% | 10日均: 55% | 🟡neutral | 前日: 2024-11-22
  🔬 硬科技门控: 5399 → 460 只 (仅国家鼓励的硬科技赛道)
  ⚡ K线预取: 2417 只, 0.6s
  ✅ 筛选: 15 只
  📊 涨跌比: 29% | 5日均: 31% | 10日均: 31% | 🟠weak | 前日: 2024-11-25
  🔬 硬科技门控: 5399 → 460 只 (仅国家鼓励的硬科技赛道)
  ⚡ K线预取: 2440 只, 0.6s
  ✅ 筛选: 20 只
  📊 涨跌比: 83% | 5日均: 61% | 10日均: 58% | 🟢bull | 前日: 2024-11-26
  🔬 硬科技门控: 5399 → 460 只 (仅国家鼓励的硬科技赛道)
  ⚡ K线预取: 2450 只, 0.6s
  ✅ 筛选: 24 只
  📊 涨跌比: 47% | 5日均: 39% | 10日均: 35% | 🟠weak | 前日: 2024-11-27
  🔬 硬科技门控: 5399 → 460 只 (仅国家鼓励的硬科技赛道)
  ⚡ K线预取: 2452 只, 0.7s
  ✅ 筛选: 40 只
  📊 涨跌比: 83% | 5日均: 74% | 10日均: 68% | 🟢bull | 前日: 2024-11-28
  🔬 硬科技门控: 5399 → 460 只 (仅国家鼓励的硬科技赛道)
  ⚡ K线预取: 2461 只, 0.7s
  ✅ 筛选: 40 只
   → 128笔 | 加权net均值 -1.9135% | 净胜率 32.0% | 16s
[12/24] OOS=2024-12 (train 2024-09..2024-11)
  📊 涨跌比: 87% | 5日均: 52% | 10日均: 45% | 🟠weak | 前日: 2024-11-29
  🔬 硬科技门控: 5399 → 460 只 (仅国家鼓励的硬科技赛道)
  ⚡ K线预取: 2520 只, 0.6s
  ✅ 筛选: 38 只
  📊 涨跌比: 47% | 5日均: 66% | 10日均: 70% | 🟢bull | 前日: 2024-12-02
  🔬 硬科技门控: 5399 → 460 只 (仅国家鼓励的硬科技赛道)
  ⚡ K线预取: 2537 只, 0.6s
  ✅ 筛选: 38 只
  📊 涨跌比: 18% | 5日均: 38% | 10日均: 45% | 🟠weak | 前日: 2024-12-03
  🔬 硬科技门控: 5399 → 460 只 (仅国家鼓励的硬科技赛道)
  ⚡ K线预取: 2556 只, 0.6s
  ✅ 筛选: 30 只
  📊 涨跌比: 73% | 5日均: 71% | 10日均: 69% | 🟢bull | 前日: 2024-12-04
  🔬 硬科技门控: 5399 → 460 只 (仅国家鼓励的硬科技赛道)
  ⚡ K线预取: 2592 只, 0.6s
  ✅ 筛选: 18 只
  📊 涨跌比: 69% | 5日均: 50% | 10日均: 44% | 🟠weak | 前日: 2024-12-05
  🔬 硬科技门控: 5399 → 460 只 (仅国家鼓励的硬科技赛道)
  ⚡ K线预取: 2730 只, 0.6s
  ✅ 筛选: 10 只
  📊 涨跌比: 39% | 5日均: 65% | 10日均: 68% | 🟢bull | 前日: 2024-12-06
  🔬 硬科技门控: 5399 → 460 只 (仅国家鼓励的硬科技赛道)
  ⚡ K线预取: 5110 只, 0.6s
  ✅ 筛选: 34 只
  📊 涨跌比: 56% | 5日均: 56% | 10日均: 53% | 🟡neutral | 前日: 2024-12-09
  🔬 硬科技门控: 5399 → 460 只 (仅国家鼓励的硬科技赛道)
  ⚡ K线预取: 5323 只, 0.6s
  ✅ 筛选: 35 只
  📊 涨跌比: 73% | 5日均: 63% | 10日均: 64% | 🟢bull | 前日: 2024-12-10
  🔬 硬科技门控: 5399 → 460 只 (仅国家鼓励的硬科技赛道)
  ⚡ K线预取: 5324 只, 0.6s
  ✅ 筛选: 50 只
  📊 涨跌比: 67% | 5日均: 60% | 10日均: 58% | 🟢bull | 前日: 2024-12-11
  🔬 硬科技门控: 5399 → 460 只 (仅国家鼓励的硬科技赛道)
  ⚡ K线预取: 5324 只, 0.6s
  ✅ 筛选: 67 只
  🛑 熔断: 涨跌比17%<18%
  📊 涨跌比: 33% | 5日均: 49% | 10日均: 54% | 🟡neutral | 前日: 2024-12-13
  🔬 硬科技门控: 5399 → 460 只 (仅国家鼓励的硬科技赛道)
  ⚡ K线预取: 5324 只, 0.7s
  ✅ 筛选: 89 只
  🛑 熔断: 涨跌比10%<18%
  📊 涨跌比: 55% | 5日均: 56% | 10日均: 52% | 🟡neutral | 前日: 2024-12-17
  🔬 硬科技门控: 5399 → 460 只 (仅国家鼓励的硬科技赛道)
  ⚡ K线预取: 5326 只, 0.7s
  ✅ 筛选: 37 只
  📊 涨跌比: 47% | 5日均: 37% | 10日均: 40% | 🟠weak | 前日: 2024-12-18
  🔬 硬科技门控: 5399 → 460 只 (仅国家鼓励的硬科技赛道)
  ⚡ K线预取: 5327 只, 0.7s
  ✅ 筛选: 59 只
  📊 涨跌比: 68% | 5日均: 56% | 10日均: 56% | 🟢bull | 前日: 2024-12-19
  🔬 硬科技门控: 5399 → 460 只 (仅国家鼓励的硬科技赛道)
  ⚡ K线预取: 5327 只, 0.7s
  ✅ 筛选: 64 只
  🛑 熔断: 涨跌比11%<18%
  📊 涨跌比: 76% | 5日均: 60% | 10日均: 58% | 🟢bull | 前日: 2024-12-23
  🔬 硬科技门控: 5399 → 460 只 (仅国家鼓励的硬科技赛道)
  ⚡ K线预取: 5329 只, 0.7s
  ✅ 筛选: 75 只
  🛑 熔断: 涨跌比17%<18%
  📊 涨跌比: 71% | 5日均: 60% | 10日均: 60% | 🟢bull | 前日: 2024-12-25
  🔬 硬科技门控: 5399 → 460 只 (仅国家鼓励的硬科技赛道)
  ⚡ K线预取: 5331 只, 0.7s
  ✅ 筛选: 43 只
  📊 涨跌比: 67% | 5日均: 30% | 10日均: 25% | 🟠weak | 前日: 2024-12-26
  🔬 硬科技门控: 5399 → 460 只 (仅国家鼓励的硬科技赛道)
  ⚡ K线预取: 5331 只, 0.8s
  ✅ 筛选: 85 只
  📊 涨跌比: 25% | 5日均: 59% | 10日均: 59% | 🟢bull | 前日: 2024-12-27
  🔬 硬科技门控: 5399 → 460 只 (仅国家鼓励的硬科技赛道)
  ⚡ K线预取: 5331 只, 0.8s
  ✅ 筛选: 67 只
  🛑 熔断: 涨跌比13%<18%
   → 111笔 | 加权net均值 -4.6585% | 净胜率 19.8% | 18s
[13/24] OOS=2025-01 (train 2024-10..2024-12)
  🛑 熔断: 涨跌比17%<18%
  🛑 熔断: 涨跌比11%<18%
  📊 涨跌比: 45% | 5日均: 46% | 10日均: 49% | 🟡neutral | 前日: 2025-01-03
  🔬 硬科技门控: 5399 → 460 只 (仅国家鼓励的硬科技赛道)
  ⚡ K线预取: 5330 只, 0.7s
  ✅ 筛选: 7 只
  📊 涨跌比: 83% | 5日均: 38% | 10日均: 31% | 🟠weak | 前日: 2025-01-06
  🔬 硬科技门控: 5399 → 460 只 (仅国家鼓励的硬科技赛道)
  ⚡ K线预取: 5331 只, 0.8s
  ✅ 筛选: 4 只
  📊 涨跌比: 37% | 5日均: 39% | 10日均: 43% | 🟠weak | 前日: 2025-01-07
  🔬 硬科技门控: 5399 → 460 只 (仅国家鼓励的硬科技赛道)
  ⚡ K线预取: 5331 只, 0.8s
  ✅ 筛选: 8 只
  📊 涨跌比: 52% | 5日均: 45% | 10日均: 42% | 🟠weak | 前日: 2025-01-08
  🔬 硬科技门控: 5399 → 460 只 (仅国家鼓励的硬科技赛道)
  ⚡ K线预取: 5331 只, 0.8s
  ✅ 筛选: 18 只
  🛑 熔断: 涨跌比10%<18%
  📊 涨跌比: 58% | 5日均: 44% | 10日均: 45% | 🟠weak | 前日: 2025-01-10
  🔬 硬科技门控: 5399 → 460 只 (仅国家鼓励的硬科技赛道)
  ⚡ K线预取: 5331 只, 0.8s
  ✅ 筛选: 18 只
  📊 涨跌比: 99% | 5日均: 42% | 10日均: 34% | 🟠weak | 前日: 2025-01-13
  🔬 硬科技门控: 5399 → 460 只 (仅国家鼓励的硬科技赛道)
  ⚡ K线预取: 5332 只, 0.8s
  ✅ 筛选: 20 只
  📊 涨跌比: 32% | 5日均: 47% | 10日均: 45% | 🟠weak | 前日: 2025-01-14
  🔬 硬科技门控: 5399 → 460 只 (仅国家鼓励的硬科技赛道)
  ⚡ K线预取: 5333 只, 0.8s
  ✅ 筛选: 27 只
  📊 涨跌比: 65% | 5日均: 51% | 10日均: 46% | 🟠weak | 前日: 2025-01-15
  🔬 硬科技门控: 5399 → 460 只 (仅国家鼓励的硬科技赛道)
  ⚡ K线预取: 5333 只, 0.8s
  ✅ 筛选: 29 只
  📊 涨跌比: 52% | 5日均: 55% | 10日均: 51% | 🟡neutral | 前日: 2025-01-16
  🔬 硬科技门控: 5399 → 460 只 (仅国家鼓励的硬科技赛道)
  ⚡ K线预取: 5334 只, 0.8s
  ✅ 筛选: 11 只
  📊 涨跌比: 70% | 5日均: 56% | 10日均: 54% | 🟡neutral | 前日: 2025-01-17
  🔬 硬科技门控: 5399 → 460 只 (仅国家鼓励的硬科技赛道)
  ⚡ K线预取: 5334 只, 0.9s
  ✅ 筛选: 20 只
  📊 涨跌比: 39% | 5日均: 46% | 10日均: 51% | 🟡neutral | 前日: 2025-01-20
  🔬 硬科技门控: 5399 → 460 只 (仅国家鼓励的硬科技赛道)
  ⚡ K线预取: 5335 只, 1.0s
  ✅ 筛选: 13 只
  📊 涨跌比: 19% | 5日均: 53% | 10日均: 54% | 🟡neutral | 前日: 2025-01-21
  🔬 硬科技门控: 5399 → 460 只 (仅国家鼓励的硬科技赛道)
  ⚡ K线预取: 5335 只, 0.9s
  ✅ 筛选: 19 只
  📊 涨跌比: 46% | 5日均: 45% | 10日均: 46% | 🟠weak | 前日: 2025-01-22
  🔬 硬科技门控: 5399 → 460 只 (仅国家鼓励的硬科技赛道)
  ⚡ K线预取: 5335 只, 0.9s
  ✅ 筛选: 37 只
  📊 涨跌比: 77% | 5日均: 66% | 10日均: 59% | 🟢bull | 前日: 2025-01-23
  🔬 硬科技门控: 5399 → 460 只 (仅国家鼓励的硬科技赛道)
  ⚡ K线预取: 5337 只, 1.0s
  ✅ 筛选: 26 只
  📊 涨跌比: 34% | 5日均: 40% | 10日均: 42% | 🟠weak | 前日: 2025-01-24
  🔬 硬科技门控: 5399 → 460 只 (仅国家鼓励的硬科技赛道)
  ⚡ K线预取: 5337 只, 0.9s
  ✅ 筛选: 34 只
   → 80笔 | 加权net均值 -1.4494% | 净胜率 27.5% | 20s
[14/24] OOS=2025-02 (train 2024-11..2025-01)
  📊 涨跌比: 64% | 5日均: 59% | 10日均: 62% | 🟢bull | 前日: 2025-01-27
  🔬 硬科技门控: 5399 → 460 只 (仅国家鼓励的硬科技赛道)
  ⚡ K线预取: 5336 只, 0.8s
  ✅ 筛选: 54 只
  📊 涨跌比: 91% | 5日均: 52% | 10日均: 46% | 🟠weak | 前日: 2025-02-05
  🔬 硬科技门控: 5399 → 460 只 (仅国家鼓励的硬科技赛道)
  ⚡ K线预取: 5337 只, 0.8s
  ✅ 筛选: 36 只
  📊 涨跌比: 79% | 5日均: 62% | 10日均: 60% | 🟢bull | 前日: 2025-02-06
  🔬 硬科技门控: 5399 → 460 只 (仅国家鼓励的硬科技赛道)
  ⚡ K线预取: 5339 只, 0.8s
  ✅ 筛选: 50 只
  📊 涨跌比: 79% | 5日均: 58% | 10日均: 55% | 🟡neutral | 前日: 2025-02-07
  🔬 硬科技门控: 5399 → 460 只 (仅国家鼓励的硬科技赛道)
  ⚡ K线预取: 5340 只, 0.8s
  ✅ 筛选: 70 只
  📊 涨跌比: 35% | 5日均: 55% | 10日均: 59% | 🟢bull | 前日: 2025-02-10
  🔬 硬科技门控: 5399 → 460 只 (仅国家鼓励的硬科技赛道)
  ⚡ K线预取: 5340 只, 0.8s
  ✅ 筛选: 207 只
  📊 涨跌比: 70% | 5日均: 64% | 10日均: 61% | 🟢bull | 前日: 2025-02-11
  🔬 硬科技门控: 5399 → 460 只 (仅国家鼓励的硬科技赛道)
  ⚡ K线预取: 5340 只, 0.8s
  ✅ 筛选: 130 只
  📊 涨跌比: 21% | 5日均: 55% | 10日均: 55% | 🟢bull | 前日: 2025-02-12
  🔬 硬科技门控: 5399 → 460 只 (仅国家鼓励的硬科技赛道)
  ⚡ K线预取: 5341 只, 0.9s
  ✅ 筛选: 258 只
  📊 涨跌比: 47% | 5日均: 64% | 10日均: 64% | 🟢bull | 前日: 2025-02-13
  🔬 硬科技门控: 5399 → 460 只 (仅国家鼓励的硬科技赛道)
  ⚡ K线预取: 5342 只, 0.9s
  ✅ 筛选: 189 只
  📊 涨跌比: 69% | 5日均: 54% | 10日均: 55% | 🟡neutral | 前日: 2025-02-14
  🔬 硬科技门控: 5399 → 460 只 (仅国家鼓励的硬科技赛道)
  ⚡ K线预取: 5342 只, 0.9s
  ✅ 筛选: 192 只
  🛑 熔断: 涨跌比14%<18%
  📊 涨跌比: 89% | 5日均: 59% | 10日均: 57% | 🟢bull | 前日: 2025-02-18
  🔬 硬科技门控: 5399 → 460 只 (仅国家鼓励的硬科技赛道)
  ⚡ K线预取: 5342 只, 0.9s
  ✅ 筛选: 114 只
  📊 涨跌比: 65% | 5日均: 55% | 10日均: 57% | 🟢bull | 前日: 2025-02-19
  🔬 硬科技门控: 5399 → 460 只 (仅国家鼓励的硬科技赛道)
  ⚡ K线预取: 5343 只, 0.9s
  ✅ 筛选: 71 只
  📊 涨跌比: 56% | 5日均: 54% | 10日均: 57% | 🟢bull | 前日: 2025-02-20
  🔬 硬科技门控: 5399 → 460 只 (仅国家鼓励的硬科技赛道)
  ⚡ K线预取: 5343 只, 0.9s
  ✅ 筛选: 60 只
  📊 涨跌比: 53% | 5日均: 49% | 10日均: 52% | 🟡neutral | 前日: 2025-02-21
  🔬 硬科技门控: 5399 → 460 只 (仅国家鼓励的硬科技赛道)
  ⚡ K线预取: 5345 只, 0.9s
  ✅ 筛选: 104 只
  📊 涨跌比: 29% | 5日均: 53% | 10日均: 53% | 🟡neutral | 前日: 2025-02-24
  🔬 硬科技门控: 5399 → 460 只 (仅国家鼓励的硬科技赛道)
  ⚡ K线预取: 5345 只, 0.9s
  ✅ 筛选: 170 只
  📊 涨跌比: 81% | 5日均: 52% | 10日均: 51% | 🟡neutral | 前日: 2025-02-25
  🔬 硬科技门控: 5399 → 460 只 (仅国家鼓励的硬科技赛道)
  ⚡ K线预取: 5346 只, 0.9s
  ✅ 筛选: 134 只
  📊 涨跌比: 41% | 5日均: 57% | 10日均: 55% | 🟡neutral | 前日: 2025-02-26
  🔬 硬科技门控: 5399 → 460 只 (仅国家鼓励的硬科技赛道)
  ⚡ K线预取: 5346 只, 1.0s
  ✅ 筛选: 177 只
  🛑 熔断: 涨跌比10%<18%
   → 131笔 | 加权net均值 -0.2268% | 净胜率 38.9% | 22s
[15/24] OOS=2025-03 (train 2024-12..2025-02)
  📊 涨跌比: 63% | 5日均: 55% | 10日均: 56% | 🟢bull | 前日: 2025-02-28
  🔬 硬科技门控: 5399 → 460 只 (仅国家鼓励的硬科技赛道)
  ⚡ K线预取: 5346 只, 0.7s
  ✅ 筛选: 118 只
  📊 涨跌比: 78% | 5日均: 57% | 10日均: 51% | 🟡neutral | 前日: 2025-03-03
  🔬 硬科技门控: 5399 → 460 只 (仅国家鼓励的硬科技赛道)
  ⚡ K线预取: 5347 只, 0.7s
  ✅ 筛选: 109 只
  📊 涨跌比: 45% | 5日均: 46% | 10日均: 51% | 🟡neutral | 前日: 2025-03-04
  🔬 硬科技门控: 5399 → 460 只 (仅国家鼓励的硬科技赛道)
  ⚡ K线预取: 5347 只, 0.8s
  ✅ 筛选: 121 只
  📊 涨跌比: 82% | 5日均: 61% | 10日均: 59% | 🟢bull | 前日: 2025-03-05
  🔬 硬科技门控: 5399 → 460 只 (仅国家鼓励的硬科技赛道)
  ⚡ K线预取: 5348 只, 0.8s
  ✅ 筛选: 97 只
  📊 涨跌比: 33% | 5日均: 42% | 10日均: 44% | 🟠weak | 前日: 2025-03-06
  🔬 硬科技门控: 5399 → 460 只 (仅国家鼓励的硬科技赛道)
  ⚡ K线预取: 5350 只, 0.8s
  ✅ 筛选: 102 只
  📊 涨跌比: 63% | 5日均: 63% | 10日均: 62% | 🟢bull | 前日: 2025-03-07
  🔬 硬科技门控: 5399 → 460 只 (仅国家鼓励的硬科技赛道)
  ⚡ K线预取: 5350 只, 0.8s
  ✅ 筛选: 107 只
  📊 涨跌比: 56% | 5日均: 47% | 10日均: 45% | 🟠weak | 前日: 2025-03-10
  🔬 硬科技门控: 5399 → 460 只 (仅国家鼓励的硬科技赛道)
  ⚡ K线预取: 5350 只, 0.8s
  ✅ 筛选: 79 只
  📊 涨跌比: 50% | 5日均: 57% | 10日均: 60% | 🟢bull | 前日: 2025-03-11
  🔬 硬科技门控: 5399 → 460 只 (仅国家鼓励的硬科技赛道)
  ⚡ K线预取: 5350 只, 0.8s
  ✅ 筛选: 109 只
  📊 涨跌比: 28% | 5日均: 45% | 10日均: 46% | 🟠weak | 前日: 2025-03-12
  🔬 硬科技门控: 5399 → 460 只 (仅国家鼓励的硬科技赛道)
  ⚡ K线预取: 5351 只, 0.8s
  ✅ 筛选: 108 只
  📊 涨跌比: 85% | 5日均: 72% | 10日均: 64% | 🟢bull | 前日: 2025-03-13
  🔬 硬科技门控: 5399 → 460 只 (仅国家鼓励的硬科技赛道)
  ⚡ K线预取: 5353 只, 0.8s
  ✅ 筛选: 92 只
  📊 涨跌比: 60% | 5日均: 44% | 10日均: 45% | 🟠weak | 前日: 2025-03-14
  🔬 硬科技门控: 5399 → 460 只 (仅国家鼓励的硬科技赛道)
  ⚡ K线预取: 5353 只, 0.8s
  ✅ 筛选: 110 只
  📊 涨跌比: 58% | 5日均: 68% | 10日均: 70% | 🟢bull | 前日: 2025-03-17
  🔬 硬科技门控: 5399 → 460 只 (仅国家鼓励的硬科技赛道)
  ⚡ K线预取: 5353 只, 0.8s
  ✅ 筛选: 90 只
  📊 涨跌比: 28% | 5日均: 41% | 10日均: 43% | 🟠weak | 前日: 2025-03-18
  🔬 硬科技门控: 5399 → 460 只 (仅国家鼓励的硬科技赛道)
  ⚡ K线预取: 5356 只, 0.9s
  ✅ 筛选: 82 只
  📊 涨跌比: 38% | 5日均: 59% | 10日均: 63% | 🟢bull | 前日: 2025-03-19
  🔬 硬科技门控: 5399 → 460 只 (仅国家鼓励的硬科技赛道)
  ⚡ K线预取: 5356 只, 0.9s
  ✅ 筛选: 47 只
  📊 涨跌比: 18% | 5日均: 38% | 10日均: 40% | 🟠weak | 前日: 2025-03-20
  🔬 硬科技门控: 5399 → 460 只 (仅国家鼓励的硬科技赛道)
  ⚡ K线预取: 5357 只, 0.9s
  ✅ 筛选: 43 只
  📊 涨跌比: 28% | 5日均: 52% | 10日均: 55% | 🟢bull | 前日: 2025-03-21
  🔬 硬科技门控: 5399 → 460 只 (仅国家鼓励的硬科技赛道)
  ⚡ K线预取: 5357 只, 0.9s
  ✅ 筛选: 21 只
  📊 涨跌比: 48% | 5日均: 37% | 10日均: 38% | 🟠weak | 前日: 2025-03-24
  🔬 硬科技门控: 5399 → 460 只 (仅国家鼓励的硬科技赛道)
  ⚡ K线预取: 5357 只, 0.9s
  ✅ 筛选: 28 只
  📊 涨跌比: 68% | 5日均: 55% | 10日均: 54% | 🟡neutral | 前日: 2025-03-25
  🔬 硬科技门控: 5399 → 460 只 (仅国家鼓励的硬科技赛道)
  ⚡ K线预取: 5359 只, 0.9s
  ✅ 筛选: 31 只
  📊 涨跌比: 36% | 5日均: 38% | 10日均: 38% | 🟠weak | 前日: 2025-03-26
  🔬 硬科技门控: 5399 → 460 只 (仅国家鼓励的硬科技赛道)
  ⚡ K线预取: 5360 只, 0.9s
  ✅ 筛选: 39 只
  🛑 熔断: 涨跌比18%<18%
  📊 涨跌比: 24% | 5日均: 31% | 10日均: 35% | 🟠weak | 前日: 2025-03-28
  🔬 硬科技门控: 5399 → 460 只 (仅国家鼓励的硬科技赛道)
  ⚡ K线预取: 5363 只, 1.0s
  ✅ 筛选: 35 只
   → 186笔 | 加权net均值 -2.0047% | 净胜率 24.7% | 26s
[16/24] OOS=2025-04 (train 2025-01..2025-03)
  📊 涨跌比: 73% | 5日均: 45% | 10日均: 43% | 🟠weak | 前日: 2025-03-31
  🔬 硬科技门控: 5399 → 460 只 (仅国家鼓励的硬科技赛道)
  ⚡ K线预取: 5362 只, 0.7s
  ✅ 筛选: 26 只
  📊 涨跌比: 54% | 5日均: 36% | 10日均: 34% | 🟠weak | 前日: 2025-04-01
  🔬 硬科技门控: 5399 → 460 只 (仅国家鼓励的硬科技赛道)
  ⚡ K线预取: 5363 只, 0.7s
  ✅ 筛选: 31 只
  📊 涨跌比: 39% | 5日均: 45% | 10日均: 45% | 🟠weak | 前日: 2025-04-02
  🔬 硬科技门控: 5399 → 460 只 (仅国家鼓励的硬科技赛道)
  ⚡ K线预取: 5363 只, 0.7s
  ✅ 筛选: 40 只
  🛑 熔断: 涨跌比2%<18%
  📊 涨跌比: 63% | 5日均: 52% | 10日均: 49% | 🟡neutral | 前日: 2025-04-07
  🔬 硬科技门控: 5399 → 460 只 (仅国家鼓励的硬科技赛道)
  ⚡ K线预取: 5363 只, 0.7s
  ✅ 筛选: 13 只
  📊 涨跌比: 85% | 5日均: 40% | 10日均: 36% | 🟠weak | 前日: 2025-04-08
  🔬 硬科技门控: 5399 → 460 只 (仅国家鼓励的硬科技赛道)
  ⚡ K线预取: 5363 只, 0.8s
  ✅ 筛选: 21 只
  📊 涨跌比: 93% | 5日均: 57% | 10日均: 55% | 🟡neutral | 前日: 2025-04-09
  🔬 硬科技门控: 5399 → 460 只 (仅国家鼓励的硬科技赛道)
  ⚡ K线预取: 5363 只, 0.8s
  ✅ 筛选: 27 只
  📊 涨跌比: 63% | 5日均: 46% | 10日均: 43% | 🟠weak | 前日: 2025-04-10
  🔬 硬科技门控: 5399 → 460 只 (仅国家鼓励的硬科技赛道)
  ⚡ K线预取: 5363 只, 0.8s
  ✅ 筛选: 23 只
  📊 涨跌比: 86% | 5日均: 71% | 10日均: 64% | 🟢bull | 前日: 2025-04-11
  🔬 硬科技门控: 5399 → 460 只 (仅国家鼓励的硬科技赛道)
  ⚡ K线预取: 5363 只, 0.8s
  ✅ 筛选: 19 只
  📊 涨跌比: 46% | 5日均: 50% | 10日均: 48% | 🟠weak | 前日: 2025-04-14
  🔬 硬科技门控: 5399 → 460 只 (仅国家鼓励的硬科技赛道)
  ⚡ K线预取: 5363 只, 0.8s
  ✅ 筛选: 25 只
  📊 涨跌比: 19% | 5日均: 60% | 10日均: 65% | 🟢bull | 前日: 2025-04-15
  🔬 硬科技门控: 5399 → 460 只 (仅国家鼓励的硬科技赛道)
  ⚡ K线预取: 5363 只, 0.8s
  ✅ 筛选: 28 只
  📊 涨跌比: 61% | 5日均: 52% | 10日均: 51% | 🟡neutral | 前日: 2025-04-16
  🔬 硬科技门控: 5399 → 460 只 (仅国家鼓励的硬科技赛道)
  ⚡ K线预取: 5363 只, 0.8s
  ✅ 筛选: 18 只
  📊 涨跌比: 47% | 5日均: 61% | 10日均: 61% | 🟢bull | 前日: 2025-04-17
  🔬 硬科技门控: 5399 → 460 只 (仅国家鼓励的硬科技赛道)
  ⚡ K线预取: 5363 只, 0.9s
  ✅ 筛选: 34 只
  📊 涨跌比: 84% | 5日均: 68% | 10日均: 60% | 🟢bull | 前日: 2025-04-18
  🔬 硬科技门控: 5399 → 460 只 (仅国家鼓励的硬科技赛道)
  ⚡ K线预取: 5363 只, 0.9s
  ✅ 筛选: 28 只
  📊 涨跌比: 49% | 5日均: 59% | 10日均: 60% | 🟢bull | 前日: 2025-04-21
  🔬 硬科技门控: 5399 → 460 只 (仅国家鼓励的硬科技赛道)
  ⚡ K线预取: 5363 只, 0.9s
  ✅ 筛选: 26 只
  📊 涨跌比: 61% | 5日均: 63% | 10日均: 65% | 🟢bull | 前日: 2025-04-22
  🔬 硬科技门控: 5399 → 460 只 (仅国家鼓励的硬科技赛道)
  ⚡ K线预取: 5363 只, 0.9s
  ✅ 筛选: 32 只
  📊 涨跌比: 30% | 5日均: 46% | 10日均: 52% | 🟡neutral | 前日: 2025-04-23
  🔬 硬科技门控: 5399 → 460 只 (仅国家鼓励的硬科技赛道)
  ⚡ K线预取: 5363 只, 0.9s
  ✅ 筛选: 25 只
  📊 涨跌比: 55% | 5日均: 61% | 10日均: 62% | 🟢bull | 前日: 2025-04-24
  🔬 硬科技门控: 5399 → 460 只 (仅国家鼓励的硬科技赛道)
  ⚡ K线预取: 5363 只, 0.9s
  ✅ 筛选: 14 只
  📊 涨跌比: 23% | 5日均: 33% | 10日均: 40% | 🟠weak | 前日: 2025-04-25
  🔬 硬科技门控: 5399 → 460 只 (仅国家鼓励的硬科技赛道)
  ⚡ K线预取: 5364 只, 0.9s
  ✅ 筛选: 20 只
  📊 涨跌比: 68% | 5日均: 66% | 10日均: 63% | 🟢bull | 前日: 2025-04-28
  🔬 硬科技门控: 5399 → 460 只 (仅国家鼓励的硬科技赛道)
  ⚡ K线预取: 5366 只, 0.9s
  ✅ 筛选: 30 只
  📊 涨跌比: 66% | 5日均: 43% | 10日均: 38% | 🟠weak | 前日: 2025-04-29
  🔬 硬科技门控: 5399 → 460 只 (仅国家鼓励的硬科技赛道)
  ⚡ K线预取: 5366 只, 0.9s
  ✅ 筛选: 27 只
   → 119笔 | 加权net均值 -1.1637% | 净胜率 33.6% | 25s
[17/24] OOS=2025-05 (train 2025-02..2025-04)
  📊 涨跌比: 94% | 5日均: 72% | 10日均: 69% | 🟢bull | 前日: 2025-04-30
  🔬 硬科技门控: 5399 → 460 只 (仅国家鼓励的硬科技赛道)
  ⚡ K线预取: 5366 只, 0.7s
  ✅ 筛选: 32 只
  📊 涨跌比: 63% | 5日均: 46% | 10日均: 44% | 🟠weak | 前日: 2025-05-06
  🔬 硬科技门控: 5399 → 460 只 (仅国家鼓励的硬科技赛道)
  ⚡ K线预取: 5366 只, 0.8s
  ✅ 筛选: 111 只
  📊 涨跌比: 74% | 5日均: 70% | 10日均: 71% | 🟢bull | 前日: 2025-05-07
  🔬 硬科技门控: 5399 → 460 只 (仅国家鼓励的硬科技赛道)
  ⚡ K线预取: 5366 只, 0.7s
  ✅ 筛选: 103 只
  📊 涨跌比: 22% | 5日均: 41% | 10日均: 43% | 🟠weak | 前日: 2025-05-08
  🔬 硬科技门控: 5399 → 460 只 (仅国家鼓励的硬科技赛道)
  ⚡ K线预取: 5368 只, 0.8s
  ✅ 筛选: 202 只
  📊 涨跌比: 79% | 5日均: 74% | 10日均: 72% | 🟢bull | 前日: 2025-05-09
  🔬 硬科技门控: 5399 → 460 只 (仅国家鼓励的硬科技赛道)
  ⚡ K线预取: 5368 只, 0.8s
  ✅ 筛选: 120 只
  📊 涨跌比: 37% | 5日均: 43% | 10日均: 42% | 🟠weak | 前日: 2025-05-12
  🔬 硬科技门控: 5399 → 460 只 (仅国家鼓励的硬科技赛道)
  ⚡ K线预取: 5368 只, 0.8s
  ✅ 筛选: 202 只
  📊 涨跌比: 45% | 5日均: 72% | 10日均: 73% | 🟢bull | 前日: 2025-05-13
  🔬 硬科技门控: 5399 → 460 只 (仅国家鼓励的硬科技赛道)
  ⚡ K线预取: 5368 只, 0.8s
  ✅ 筛选: 137 只
  📊 涨跌比: 26% | 5日均: 43% | 10日均: 43% | 🟠weak | 前日: 2025-05-14
  🔬 硬科技门控: 5399 → 460 只 (仅国家鼓励的硬科技赛道)
  ⚡ K线预取: 5368 只, 0.8s
  ✅ 筛选: 91 只
  📊 涨跌比: 58% | 5日均: 70% | 10日均: 71% | 🟢bull | 前日: 2025-05-15
  🔬 硬科技门控: 5399 → 460 只 (仅国家鼓励的硬科技赛道)
  ⚡ K线预取: 5369 只, 0.9s
  ✅ 筛选: 56 只
  📊 涨跌比: 67% | 5日均: 43% | 10日均: 43% | 🟠weak | 前日: 2025-05-16
  🔬 硬科技门控: 5399 → 460 只 (仅国家鼓励的硬科技赛道)
  ⚡ K线预取: 5370 只, 0.8s
  ✅ 筛选: 62 只
  📊 涨跌比: 73% | 5日均: 66% | 10日均: 68% | 🟢bull | 前日: 2025-05-19
  🔬 硬科技门控: 5399 → 460 只 (仅国家鼓励的硬科技赛道)
  ⚡ K线预取: 5371 只, 0.9s
  ✅ 筛选: 51 只
  📊 涨跌比: 30% | 5日均: 37% | 10日均: 40% | 🟠weak | 前日: 2025-05-20
  🔬 硬科技门控: 5399 → 460 只 (仅国家鼓励的硬科技赛道)
  ⚡ K线预取: 5372 只, 0.9s
  ✅ 筛选: 72 只
  🛑 熔断: 涨跌比16%<18%
  📊 涨跌比: 21% | 5日均: 37% | 10日均: 37% | 🟠weak | 前日: 2025-05-22
  🔬 硬科技门控: 5399 → 460 只 (仅国家鼓励的硬科技赛道)
  ⚡ K线预取: 5374 只, 0.9s
  ✅ 筛选: 63 只
  📊 涨跌比: 72% | 5日均: 53% | 10日均: 54% | 🟡neutral | 前日: 2025-05-23
  🔬 硬科技门控: 5399 → 460 只 (仅国家鼓励的硬科技赛道)
  ⚡ K线预取: 5374 只, 0.9s
  ✅ 筛选: 64 只
  📊 涨跌比: 49% | 5日均: 39% | 10日均: 38% | 🟠weak | 前日: 2025-05-26
  🔬 硬科技门控: 5399 → 460 只 (仅国家鼓励的硬科技赛道)
  ⚡ K线预取: 5376 只, 0.9s
  ✅ 筛选: 71 只
  📊 涨跌比: 33% | 5日均: 51% | 10日均: 52% | 🟡neutral | 前日: 2025-05-27
  🔬 硬科技门控: 5399 → 460 只 (仅国家鼓励的硬科技赛道)
  ⚡ K线预取: 5377 只, 0.9s
  ✅ 筛选: 73 只
  📊 涨跌比: 84% | 5日均: 51% | 10日均: 45% | 🟠weak | 前日: 2025-05-28
  🔬 硬科技门控: 5399 → 460 只 (仅国家鼓励的硬科技赛道)
  ⚡ K线预取: 5377 只, 0.9s
  ✅ 筛选: 54 只
  📊 涨跌比: 21% | 5日均: 43% | 10日均: 47% | 🟠weak | 前日: 2025-05-29
  🔬 硬科技门控: 5399 → 460 只 (仅国家鼓励的硬科技赛道)
  ⚡ K线预取: 5377 只, 1.0s
  ✅ 筛选: 78 只
   → 160笔 | 加权net均值 -0.6263% | 净胜率 35.0% | 24s
[18/24] OOS=2025-06 (train 2025-03..2025-05)
  📊 涨跌比: 66% | 5日均: 50% | 10日均: 50% | 🟡neutral | 前日: 2025-05-30
  🔬 硬科技门控: 5399 → 460 只 (仅国家鼓励的硬科技赛道)
  ⚡ K线预取: 5378 只, 0.8s
  ✅ 筛选: 65 只
  📊 涨跌比: 76% | 5日均: 44% | 10日均: 43% | 🟠weak | 前日: 2025-06-03
  🔬 硬科技门控: 5399 → 460 只 (仅国家鼓励的硬科技赛道)
  ⚡ K线预取: 5378 只, 0.8s
  ✅ 筛选: 71 只
  📊 涨跌比: 51% | 5日均: 54% | 10日均: 52% | 🟡neutral | 前日: 2025-06-04
  🔬 硬科技门控: 5399 → 460 只 (仅国家鼓励的硬科技赛道)
  ⚡ K线预取: 5378 只, 0.8s
  ✅ 筛选: 71 只
  📊 涨跌比: 49% | 5日均: 50% | 10日均: 47% | 🟠weak | 前日: 2025-06-05
  🔬 硬科技门控: 5399 → 460 只 (仅国家鼓励的硬科技赛道)
  ⚡ K线预取: 5379 只, 0.8s
  ✅ 筛选: 90 只
  📊 涨跌比: 79% | 5日均: 66% | 10日均: 60% | 🟢bull | 前日: 2025-06-06
  🔬 硬科技门控: 5399 → 460 只 (仅国家鼓励的硬科技赛道)
  ⚡ K线预取: 5380 只, 0.8s
  ✅ 筛选: 64 只
  📊 涨跌比: 23% | 5日均: 40% | 10日均: 45% | 🟠weak | 前日: 2025-06-09
  🔬 硬科技门控: 5399 → 460 只 (仅国家鼓励的硬科技赛道)
  ⚡ K线预取: 5380 只, 0.8s
  ✅ 筛选: 107 只
  📊 涨跌比: 66% | 5日均: 69% | 10日均: 67% | 🟢bull | 前日: 2025-06-10
  🔬 硬科技门控: 5399 → 460 只 (仅国家鼓励的硬科技赛道)
  ⚡ K线预取: 5381 只, 0.8s
  ✅ 筛选: 94 只
  📊 涨跌比: 44% | 5日均: 43% | 10日均: 42% | 🟠weak | 前日: 2025-06-11
  🔬 硬科技门控: 5399 → 460 只 (仅国家鼓励的硬科技赛道)
  ⚡ K线预取: 5381 只, 0.8s
  ✅ 筛选: 91 只
  🛑 熔断: 涨跌比16%<18%
  📊 涨跌比: 68% | 5日均: 52% | 10日均: 47% | 🟠weak | 前日: 2025-06-13
  🔬 硬科技门控: 5399 → 460 只 (仅国家鼓励的硬科技赛道)
  ⚡ K线预取: 5383 只, 0.9s
  ✅ 筛选: 55 只
  📊 涨跌比: 43% | 5日均: 51% | 10日均: 53% | 🟡neutral | 前日: 2025-06-16
  🔬 硬科技门控: 5399 → 460 只 (仅国家鼓励的硬科技赛道)
  ⚡ K线预取: 5384 只, 0.9s
  ✅ 筛选: 54 只
  📊 涨跌比: 34% | 5日均: 44% | 10日均: 48% | 🟡neutral | 前日: 2025-06-17
  🔬 硬科技门控: 5399 → 460 只 (仅国家鼓励的硬科技赛道)
  ⚡ K线预取: 5384 只, 0.9s
  ✅ 筛选: 48 只
  🛑 熔断: 涨跌比13%<18%
  📊 涨跌比: 29% | 5日均: 40% | 10日均: 42% | 🟠weak | 前日: 2025-06-19
  🔬 硬科技门控: 5399 → 460 只 (仅国家鼓励的硬科技赛道)
  ⚡ K线预取: 5384 只, 0.9s
  ✅ 筛选: 73 只
  📊 涨跌比: 84% | 5日均: 44% | 10日均: 44% | 🟠weak | 前日: 2025-06-20
  🔬 硬科技门控: 5399 → 460 只 (仅国家鼓励的硬科技赛道)
  ⚡ K线预取: 5384 只, 0.9s
  ✅ 筛选: 65 只
  📊 涨跌比: 89% | 5日均: 53% | 10日均: 46% | 🟠weak | 前日: 2025-06-23
  🔬 硬科技门控: 5399 → 460 只 (仅国家鼓励的硬科技赛道)
  ⚡ K线预取: 5386 只, 1.0s
  ✅ 筛选: 50 只
  📊 涨跌比: 76% | 5日均: 46% | 10日均: 45% | 🟠weak | 前日: 2025-06-24
  🔬 硬科技门控: 5399 → 460 只 (仅国家鼓励的硬科技赛道)
  ⚡ K线预取: 5387 只, 0.9s
  ✅ 筛选: 82 只
  📊 涨跌比: 30% | 5日均: 50% | 10日均: 52% | 🟡neutral | 前日: 2025-06-25
  🔬 硬科技门控: 5399 → 460 只 (仅国家鼓励的硬科技赛道)
  ⚡ K线预取: 5387 只, 0.9s
  ✅ 筛选: 130 只
  📊 涨跌比: 65% | 5日均: 56% | 10日均: 51% | 🟡neutral | 前日: 2025-06-26
  🔬 硬科技门控: 5399 → 460 只 (仅国家鼓励的硬科技赛道)
  ⚡ K线预取: 5387 只, 1.0s
  ✅ 筛选: 136 只
  📊 涨跌比: 78% | 5日均: 52% | 10日均: 51% | 🟡neutral | 前日: 2025-06-27
  🔬 硬科技门控: 5399 → 460 只 (仅国家鼓励的硬科技赛道)
  ⚡ K线预取: 5387 只, 1.0s
  ✅ 筛选: 76 只
   → 156笔 | 加权net均值 -1.0122% | 净胜率 33.3% | 25s
[19/24] OOS=2025-07 (train 2025-04..2025-06)
  📊 涨跌比: 50% | 5日均: 57% | 10日均: 57% | 🟢bull | 前日: 2025-06-30
  🔬 硬科技门控: 5399 → 460 只 (仅国家鼓励的硬科技赛道)
  ⚡ K线预取: 5385 只, 0.8s
  ✅ 筛选: 97 只
  📊 涨跌比: 37% | 5日均: 53% | 10日均: 52% | 🟡neutral | 前日: 2025-07-01
  🔬 硬科技门控: 5399 → 460 只 (仅国家鼓励的硬科技赛道)
  ⚡ K线预取: 5385 只, 0.8s
  ✅ 筛选: 216 只
  📊 涨跌比: 64% | 5日均: 68% | 10日均: 63% | 🟢bull | 前日: 2025-07-02
  🔬 硬科技门控: 5399 → 460 只 (仅国家鼓励的硬科技赛道)
  ⚡ K线预取: 5385 只, 0.8s
  ✅ 筛选: 156 只
  📊 涨跌比: 22% | 5日均: 51% | 10日均: 52% | 🟡neutral | 前日: 2025-07-03
  🔬 硬科技门控: 5399 → 460 只 (仅国家鼓励的硬科技赛道)
  ⚡ K线预取: 5385 只, 0.8s
  ✅ 筛选: 110 只
  📊 涨跌比: 62% | 5日均: 63% | 10日均: 65% | 🟢bull | 前日: 2025-07-04
  🔬 硬科技门控: 5399 → 460 只 (仅国家鼓励的硬科技赛道)
  ⚡ K线预取: 5385 只, 0.8s
  ✅ 筛选: 89 只
  📊 涨跌比: 81% | 5日均: 50% | 10日均: 51% | 🟡neutral | 前日: 2025-07-07
  🔬 硬科技门控: 5399 → 460 只 (仅国家鼓励的硬科技赛道)
  ⚡ K线预取: 5386 只, 0.8s
  ✅ 筛选: 85 只
  📊 涨跌比: 36% | 5日均: 55% | 10日均: 59% | 🟢bull | 前日: 2025-07-08
  🔬 硬科技门控: 5399 → 460 只 (仅国家鼓励的硬科技赛道)
  ⚡ K线预取: 5386 只, 0.8s
  ✅ 筛选: 65 只
  📊 涨跌比: 56% | 5日均: 55% | 10日均: 52% | 🟡neutral | 前日: 2025-07-09
  🔬 硬科技门控: 5399 → 460 只 (仅国家鼓励的硬科技赛道)
  ⚡ K线预取: 5386 只, 0.9s
  ✅ 筛选: 60 只
  📊 涨跌比: 57% | 5日均: 54% | 10日均: 55% | 🟡neutral | 前日: 2025-07-10
  🔬 硬科技门控: 5399 → 460 只 (仅国家鼓励的硬科技赛道)
  ⚡ K线预取: 5388 只, 0.9s
  ✅ 筛选: 83 只
  📊 涨跌比: 61% | 5日均: 51% | 10日均: 53% | 🟡neutral | 前日: 2025-07-11
  🔬 硬科技门控: 5399 → 460 只 (仅国家鼓励的硬科技赛道)
  ⚡ K线预取: 5390 只, 0.8s
  ✅ 筛选: 115 只
  📊 涨跌比: 25% | 5日均: 49% | 10日均: 51% | 🟡neutral | 前日: 2025-07-14
  🔬 硬科技门控: 5399 → 460 只 (仅国家鼓励的硬科技赛道)
  ⚡ K线预取: 5390 只, 0.9s
  ✅ 筛选: 108 只
  📊 涨跌比: 62% | 5日均: 56% | 10日均: 54% | 🟡neutral | 前日: 2025-07-15
  🔬 硬科技门控: 5399 → 460 只 (仅国家鼓励的硬科技赛道)
  ⚡ K线预取: 5390 只, 0.9s
  ✅ 筛选: 127 只
  📊 涨跌比: 69% | 5日均: 50% | 10日均: 49% | 🟡neutral | 前日: 2025-07-16
  🔬 硬科技门控: 5399 → 460 只 (仅国家鼓励的硬科技赛道)
  ⚡ K线预取: 5390 只, 0.9s
  ✅ 筛选: 113 只
  📊 涨跌比: 50% | 5日均: 62% | 10日均: 59% | 🟢bull | 前日: 2025-07-17
  🔬 硬科技门控: 5399 → 460 只 (仅国家鼓励的硬科技赛道)
  ⚡ K线预取: 5390 只, 0.9s
  ✅ 筛选: 136 只
  📊 涨跌比: 76% | 5日均: 52% | 10日均: 51% | 🟡neutral | 前日: 2025-07-18
  🔬 硬科技门控: 5399 → 460 只 (仅国家鼓励的硬科技赛道)
  ⚡ K线预取: 5390 只, 0.9s
  ✅ 筛选: 109 只
  📊 涨跌比: 49% | 5日均: 56% | 10日均: 59% | 🟢bull | 前日: 2025-07-21
  🔬 硬科技门控: 5399 → 460 只 (仅国家鼓励的硬科技赛道)
  ⚡ K线预取: 5390 只, 0.9s
  ✅ 筛选: 117 只
  📊 涨跌比: 24% | 5日均: 50% | 10日均: 51% | 🟡neutral | 前日: 2025-07-22
  🔬 硬科技门控: 5399 → 460 只 (仅国家鼓励的硬科技赛道)
  ⚡ K线预取: 5390 只, 0.9s
  ✅ 筛选: 136 只
  📊 涨跌比: 83% | 5日均: 61% | 10日均: 58% | 🟢bull | 前日: 2025-07-23
  🔬 硬科技门控: 5399 → 460 只 (仅国家鼓励的硬科技赛道)
  ⚡ K线预取: 5391 只, 0.9s
  ✅ 筛选: 87 只
  📊 涨跌比: 48% | 5日均: 48% | 10日均: 49% | 🟡neutral | 前日: 2025-07-24
  🔬 硬科技门控: 5399 → 460 只 (仅国家鼓励的硬科技赛道)
  ⚡ K线预取: 5391 只, 1.0s
  ✅ 筛选: 70 只
  📊 涨跌比: 54% | 5日均: 59% | 10日均: 60% | 🟢bull | 前日: 2025-07-25
  🔬 硬科技门控: 5399 → 460 只 (仅国家鼓励的硬科技赛道)
  ⚡ K线预取: 5391 只, 1.0s
  ✅ 筛选: 91 只
  📊 涨跌比: 43% | 5日均: 52% | 10日均: 50% | 🟡neutral | 前日: 2025-07-28
  🔬 硬科技门控: 5399 → 460 只 (仅国家鼓励的硬科技赛道)
  ⚡ K线预取: 5392 只, 1.0s
  ✅ 筛选: 89 只
  📊 涨跌比: 32% | 5日均: 53% | 10日均: 56% | 🟢bull | 前日: 2025-07-29
  🔬 硬科技门控: 5399 → 460 只 (仅国家鼓励的硬科技赛道)
  ⚡ K线预取: 5394 只, 1.0s
  ✅ 筛选: 184 只
  📊 涨跌比: 20% | 5日均: 42% | 10日均: 47% | 🟠weak | 前日: 2025-07-30
  🔬 硬科技门控: 5399 → 460 只 (仅国家鼓励的硬科技赛道)
  ⚡ K线预取: 5394 只, 1.0s
  ✅ 筛选: 174 只
   → 210笔 | 加权net均值 +0.1779% | 净胜率 49.0% | 32s
[20/24] OOS=2025-08 (train 2025-05..2025-07)
  📊 涨跌比: 63% | 5日均: 56% | 10日均: 55% | 🟡neutral | 前日: 2025-07-31
  🔬 硬科技门控: 5399 → 460 只 (仅国家鼓励的硬科技赛道)
  ⚡ K线预取: 5392 只, 0.8s
  ✅ 筛选: 136 只
  📊 涨跌比: 75% | 5日均: 42% | 10日均: 42% | 🟠weak | 前日: 2025-08-01
  🔬 硬科技门控: 5399 → 460 只 (仅国家鼓励的硬科技赛道)
  ⚡ K线预取: 5393 只, 0.8s
  ✅ 筛选: 103 只
  📊 涨跌比: 74% | 5日均: 61% | 10日均: 59% | 🟢bull | 前日: 2025-08-04
  🔬 硬科技门控: 5399 → 460 只 (仅国家鼓励的硬科技赛道)
  ⚡ K线预取: 5394 只, 0.8s
  ✅ 筛选: 147 只
  📊 涨跌比: 65% | 5日均: 50% | 10日均: 46% | 🟠weak | 前日: 2025-08-05
  🔬 硬科技门控: 5399 → 460 只 (仅国家鼓励的硬科技赛道)
  ⚡ K线预取: 5395 只, 0.8s
  ✅ 筛选: 119 只
  📊 涨跌比: 40% | 5日均: 53% | 10日均: 57% | 🟢bull | 前日: 2025-08-06
  🔬 硬科技门控: 5399 → 460 只 (仅国家鼓励的硬科技赛道)
  ⚡ K线预取: 5395 只, 0.8s
  ✅ 筛选: 128 只
  📊 涨跌比: 46% | 5日均: 50% | 10日均: 50% | 🟡neutral | 前日: 2025-08-07
  🔬 硬科技门控: 5399 → 460 只 (仅国家鼓励的硬科技赛道)
  ⚡ K线预取: 5395 只, 0.8s
  ✅ 筛选: 173 只
  📊 涨跌比: 80% | 5日均: 58% | 10日均: 56% | 🟢bull | 前日: 2025-08-08
  🔬 硬科技门控: 5399 → 460 只 (仅国家鼓励的硬科技赛道)
  ⚡ K线预取: 5395 只, 0.8s
  ✅ 筛选: 144 只
  📊 涨跌比: 40% | 5日均: 49% | 10日均: 49% | 🟡neutral | 前日: 2025-08-11
  🔬 硬科技门控: 5399 → 460 只 (仅国家鼓励的硬科技赛道)
  ⚡ K线预取: 5395 只, 0.9s
  ✅ 筛选: 132 只
  📊 涨跌比: 53% | 5日均: 62% | 10日均: 60% | 🟢bull | 前日: 2025-08-12
  🔬 硬科技门控: 5399 → 460 只 (仅国家鼓励的硬科技赛道)
  ⚡ K线预取: 5395 只, 0.9s
  ✅ 筛选: 116 只
  🛑 熔断: 涨跌比14%<18%
  📊 涨跌比: 88% | 5日均: 67% | 10日均: 65% | 🟢bull | 前日: 2025-08-14
  🔬 硬科技门控: 5399 → 460 只 (仅国家鼓励的硬科技赛道)
  ⚡ K线预取: 5397 只, 0.9s
  ✅ 筛选: 127 只
  📊 涨跌比: 77% | 5日均: 48% | 10日均: 48% | 🟡neutral | 前日: 2025-08-15
  🔬 硬科技门控: 5399 → 460 只 (仅国家鼓励的硬科技赛道)
  ⚡ K线预取: 5397 只, 0.9s
  ✅ 筛选: 90 只
  📊 涨跌比: 57% | 5日均: 63% | 10日均: 65% | 🟢bull | 前日: 2025-08-18
  🔬 硬科技门控: 5399 → 460 只 (仅国家鼓励的硬科技赛道)
  ⚡ K线预取: 5397 只, 0.9s
  ✅ 筛选: 161 只
  📊 涨跌比: 70% | 5日均: 49% | 10日均: 49% | 🟡neutral | 前日: 2025-08-19
  🔬 硬科技门控: 5399 → 460 只 (仅国家鼓励的硬科技赛道)
  ⚡ K线预取: 5398 只, 0.9s
  ✅ 筛选: 102 只
  📊 涨跌比: 41% | 5日均: 64% | 10日均: 64% | 🟢bull | 前日: 2025-08-20
  🔬 硬科技门控: 5399 → 460 只 (仅国家鼓励的硬科技赛道)
  ⚡ K线预取: 5398 只, 0.9s
  ✅ 筛选: 186 只
  📊 涨跌比: 54% | 5日均: 51% | 10日均: 50% | 🟡neutral | 前日: 2025-08-21
  🔬 硬科技门控: 5399 → 460 只 (仅国家鼓励的硬科技赛道)
  ⚡ K线预取: 5398 只, 0.9s
  ✅ 筛选: 130 只
  📊 涨跌比: 64% | 5日均: 61% | 10日均: 62% | 🟢bull | 前日: 2025-08-22
  🔬 硬科技门控: 5399 → 460 只 (仅国家鼓励的硬科技赛道)
  ⚡ K线预取: 5399 只, 0.9s
  ✅ 筛选: 164 只
  📊 涨跌比: 53% | 5日均: 53% | 10日均: 52% | 🟡neutral | 前日: 2025-08-25
  🔬 硬科技门控: 5399 → 460 只 (仅国家鼓励的硬科技赛道)
  ⚡ K线预取: 5399 只, 1.0s
  ✅ 筛选: 149 只
  🛑 熔断: 涨跌比12%<18%
  📊 涨跌比: 55% | 5日均: 62% | 10日均: 58% | 🟢bull | 前日: 2025-08-27
  🔬 硬科技门控: 5399 → 460 只 (仅国家鼓励的硬科技赛道)
  ⚡ K线预取: 5401 只, 1.0s
  ✅ 筛选: 79 只
  📊 涨跌比: 38% | 5日均: 42% | 10日均: 47% | 🟠weak | 前日: 2025-08-28
  🔬 硬科技门控: 5399 → 460 只 (仅国家鼓励的硬科技赛道)
  ⚡ K线预取: 5401 只, 1.0s
  ✅ 筛选: 132 只
   → 167笔 | 加权net均值 -0.2242% | 净胜率 40.1% | 26s
[21/24] OOS=2025-09 (train 2025-06..2025-08)
  📊 涨跌比: 60% | 5日均: 58% | 10日均: 60% | 🟢bull | 前日: 2025-08-29
  🔬 硬科技门控: 5399 → 460 只 (仅国家鼓励的硬科技赛道)
  ⚡ K线预取: 5402 只, 0.8s
  ✅ 筛选: 102 只
  📊 涨跌比: 23% | 5日均: 36% | 10日均: 39% | 🟠weak | 前日: 2025-09-01
  🔬 硬科技门控: 5399 → 460 只 (仅国家鼓励的硬科技赛道)
  ⚡ K线预取: 5402 只, 0.8s
  ✅ 筛选: 112 只
  🛑 熔断: 涨跌比15%<18%
  📊 涨跌比: 43% | 5日均: 36% | 10日均: 36% | 🟠weak | 前日: 2025-09-03
  🔬 硬科技门控: 5399 → 460 只 (仅国家鼓励的硬科技赛道)
  ⚡ K线预取: 5403 只, 0.8s
  ✅ 筛选: 44 只
  📊 涨跌比: 91% | 5日均: 55% | 10日均: 51% | 🟡neutral | 前日: 2025-09-04
  🔬 硬科技门控: 5399 → 460 只 (仅国家鼓励的硬科技赛道)
  ⚡ K线预取: 5403 只, 0.9s
  ✅ 筛选: 38 只
  📊 涨跌比: 75% | 5日均: 38% | 10日均: 37% | 🟠weak | 前日: 2025-09-05
  🔬 硬科技门控: 5399 → 460 只 (仅国家鼓励的硬科技赛道)
  ⚡ K线预取: 5403 只, 0.8s
  ✅ 筛选: 55 只
  📊 涨跌比: 24% | 5日均: 49% | 10日均: 52% | 🟡neutral | 前日: 2025-09-08
  🔬 硬科技门控: 5399 → 460 只 (仅国家鼓励的硬科技赛道)
  ⚡ K线预取: 5404 只, 0.9s
  ✅ 筛选: 52 只
  📊 涨跌比: 46% | 5日均: 45% | 10日均: 42% | 🟠weak | 前日: 2025-09-09
  🔬 硬科技门控: 5399 → 460 只 (仅国家鼓励的硬科技赛道)
  ⚡ K线预取: 5404 只, 0.9s
  ✅ 筛选: 48 只
  📊 涨跌比: 81% | 5日均: 55% | 10日均: 52% | 🟡neutral | 前日: 2025-09-10
  🔬 硬科技门控: 5399 → 460 只 (仅国家鼓励的硬科技赛道)
  ⚡ K线预取: 5404 只, 0.9s
  ✅ 筛选: 43 只
  📊 涨跌比: 36% | 5日均: 45% | 10日均: 45% | 🟠weak | 前日: 2025-09-11
  🔬 硬科技门控: 5399 → 460 只 (仅国家鼓励的硬科技赛道)
  ⚡ K线预取: 5404 只, 0.9s
  ✅ 筛选: 78 只
  📊 涨跌比: 36% | 5日均: 49% | 10日均: 52% | 🟡neutral | 前日: 2025-09-12
  🔬 硬科技门控: 5399 → 460 只 (仅国家鼓励的硬科技赛道)
  ⚡ K线预取: 5404 只, 1.0s
  ✅ 筛选: 111 只
  📊 涨跌比: 68% | 5日均: 54% | 10日均: 49% | 🟡neutral | 前日: 2025-09-15
  🔬 硬科技门控: 5399 → 460 只 (仅国家鼓励的硬科技赛道)
  ⚡ K线预取: 5406 只, 1.0s
  ✅ 筛选: 80 只
  📊 涨跌比: 48% | 5日均: 56% | 10日均: 53% | 🟡neutral | 前日: 2025-09-16
  🔬 硬科技门控: 5399 → 460 只 (仅国家鼓励的硬科技赛道)
  ⚡ K线预取: 5406 只, 1.0s
  ✅ 筛选: 92 只
  📊 涨跌比: 19% | 5日均: 49% | 10日均: 51% | 🟡neutral | 前日: 2025-09-17
  🔬 硬科技门控: 5399 → 460 只 (仅国家鼓励的硬科技赛道)
  ⚡ K线预取: 5406 只, 1.0s
  ✅ 筛选: 76 只
  📊 涨跌比: 36% | 5日均: 45% | 10日均: 50% | 🟡neutral | 前日: 2025-09-18
  🔬 硬科技门控: 5399 → 460 只 (仅国家鼓励的硬科技赛道)
  ⚡ K线预取: 5406 只, 1.0s
  ✅ 筛选: 56 只
  📊 涨跌比: 41% | 5日均: 42% | 10日均: 46% | 🟠weak | 前日: 2025-09-19
  🔬 硬科技门控: 5399 → 460 只 (仅国家鼓励的硬科技赛道)
  ⚡ K线预取: 5406 只, 0.9s
  ✅ 筛选: 37 只
  📊 涨跌比: 21% | 5日均: 44% | 10日均: 44% | 🟠weak | 前日: 2025-09-22
  🔬 硬科技门控: 5399 → 460 只 (仅国家鼓励的硬科技赛道)
  ⚡ K线预取: 5407 只, 0.9s
  ✅ 筛选: 33 只
  📊 涨跌比: 84% | 5日均: 50% | 10日均: 46% | 🟠weak | 前日: 2025-09-23
  🔬 硬科技门控: 5399 → 460 只 (仅国家鼓励的硬科技赛道)
  ⚡ K线预取: 5409 只, 1.0s
  ✅ 筛选: 24 只
  📊 涨跌比: 28% | 5日均: 34% | 10日均: 39% | 🟠weak | 前日: 2025-09-24
  🔬 硬科技门控: 5399 → 460 只 (仅国家鼓励的硬科技赛道)
  ⚡ K线预取: 5409 只, 1.0s
  ✅ 筛选: 67 只
  📊 涨跌比: 34% | 5日均: 49% | 10日均: 49% | 🟡neutral | 前日: 2025-09-25
  🔬 硬科技门控: 5399 → 460 只 (仅国家鼓励的硬科技赛道)
  ⚡ K线预取: 5409 只, 1.0s
  ✅ 筛选: 83 只
  📊 涨跌比: 69% | 5日均: 40% | 10日均: 37% | 🟠weak | 前日: 2025-09-26
  🔬 硬科技门控: 5399 → 460 只 (仅国家鼓励的硬科技赛道)
  ⚡ K线预取: 5409 只, 1.0s
  ✅ 筛选: 78 只
  📊 涨跌比: 50% | 5日均: 46% | 10日均: 47% | 🟠weak | 前日: 2025-09-29
  🔬 硬科技门控: 5399 → 460 只 (仅国家鼓励的硬科技赛道)
  ⚡ K线预取: 5410 只, 1.0s
  ✅ 筛选: 53 只
   → 141笔 | 加权net均值 -2.0397% | 净胜率 26.2% | 29s
[22/24] OOS=2025-10 (train 2025-07..2025-09)
  📊 涨跌比: 60% | 5日均: 42% | 10日均: 41% | 🟠weak | 前日: 2025-09-30
  🔬 硬科技门控: 5399 → 460 只 (仅国家鼓励的硬科技赛道)
  ⚡ K线预取: 5409 只, 0.8s
  ✅ 筛选: 86 只
  📊 涨跌比: 52% | 5日均: 52% | 10日均: 49% | 🟡neutral | 前日: 2025-10-09
  🔬 硬科技门控: 5399 → 460 只 (仅国家鼓励的硬科技赛道)
  ⚡ K线预取: 5411 只, 0.8s
  ✅ 筛选: 123 只
  📊 涨跌比: 32% | 5日均: 41% | 10日均: 42% | 🟠weak | 前日: 2025-10-10
  🔬 硬科技门控: 5399 → 460 只 (仅国家鼓励的硬科技赛道)
  ⚡ K线预取: 5411 只, 0.8s
  ✅ 筛选: 86 只
  📊 涨跌比: 32% | 5日均: 51% | 10日均: 51% | 🟡neutral | 前日: 2025-10-13
  🔬 硬科技门控: 5399 → 460 只 (仅国家鼓励的硬科技赛道)
  ⚡ K线预取: 5412 只, 0.8s
  ✅ 筛选: 106 只
  📊 涨跌比: 82% | 5日均: 54% | 10日均: 47% | 🟠weak | 前日: 2025-10-14
  🔬 硬科技门控: 5399 → 460 只 (仅国家鼓励的硬科技赛道)
  ⚡ K线预取: 5412 只, 0.8s
  ✅ 筛选: 72 只
  📊 涨跌比: 22% | 5日均: 38% | 10日均: 45% | 🟠weak | 前日: 2025-10-15
  🔬 硬科技门控: 5399 → 460 只 (仅国家鼓励的硬科技赛道)
  ⚡ K线预取: 5413 只, 0.9s
  ✅ 筛选: 52 只
  🛑 熔断: 涨跌比11%<18%
  📊 涨跌比: 76% | 5日均: 47% | 10日均: 43% | 🟠weak | 前日: 2025-10-17
  🔬 硬科技门控: 5399 → 460 只 (仅国家鼓励的硬科技赛道)
  ⚡ K线预取: 5413 只, 0.9s
  ✅ 筛选: 26 只
  📊 涨跌比: 86% | 5日均: 54% | 10日均: 52% | 🟡neutral | 前日: 2025-10-20
  🔬 硬科技门控: 5399 → 460 只 (仅国家鼓励的硬科技赛道)
  ⚡ K线预取: 5414 只, 0.9s
  ✅ 筛选: 28 只
  📊 涨跌比: 42% | 5日均: 45% | 10日均: 46% | 🟠weak | 前日: 2025-10-21
  🔬 硬科技门控: 5399 → 460 只 (仅国家鼓励的硬科技赛道)
  ⚡ K线预取: 5415 只, 0.9s
  ✅ 筛选: 40 只
  📊 涨跌比: 56% | 5日均: 53% | 10日均: 54% | 🟡neutral | 前日: 2025-10-22
  🔬 硬科技门控: 5399 → 460 只 (仅国家鼓励的硬科技赛道)
  ⚡ K线预取: 5415 只, 0.9s
  ✅ 筛选: 36 只
  📊 涨跌比: 57% | 5日均: 46% | 10日均: 46% | 🟠weak | 前日: 2025-10-23
  🔬 硬科技门控: 5399 → 460 只 (仅国家鼓励的硬科技赛道)
  ⚡ K线预取: 5416 只, 0.9s
  ✅ 筛选: 41 只
  📊 涨跌比: 65% | 5日均: 60% | 10日均: 57% | 🟢bull | 前日: 2025-10-24
  🔬 硬科技门控: 5399 → 460 只 (仅国家鼓励的硬科技赛道)
  ⚡ K线预取: 5416 只, 0.9s
  ✅ 筛选: 72 只
  📊 涨跌比: 45% | 5日均: 49% | 10日均: 47% | 🟠weak | 前日: 2025-10-27
  🔬 硬科技门控: 5399 → 460 只 (仅国家鼓励的硬科技赛道)
  ⚡ K线预取: 5416 只, 1.0s
  ✅ 筛选: 104 只
  📊 涨跌比: 51% | 5日均: 54% | 10日均: 57% | 🟢bull | 前日: 2025-10-28
  🔬 硬科技门控: 5399 → 460 只 (仅国家鼓励的硬科技赛道)
  ⚡ K线预取: 5416 只, 0.9s
  ✅ 筛选: 76 只
  📊 涨跌比: 23% | 5日均: 49% | 10日均: 49% | 🟡neutral | 前日: 2025-10-29
  🔬 硬科技门控: 5399 → 460 只 (仅国家鼓励的硬科技赛道)
  ⚡ K线预取: 5417 只, 1.0s
  ✅ 筛选: 80 只
  📊 涨跌比: 70% | 5日均: 66% | 10日均: 60% | 🟢bull | 前日: 2025-10-30
  🔬 硬科技门控: 5399 → 460 只 (仅国家鼓励的硬科技赛道)
  ⚡ K线预取: 5417 只, 1.0s
  ✅ 筛选: 70 只
   → 125笔 | 加权net均值 -2.1058% | 净胜率 30.4% | 22s
[23/24] OOS=2025-11 (train 2025-08..2025-10)
  📊 涨跌比: 66% | 5日均: 47% | 10日均: 48% | 🟠weak | 前日: 2025-10-31
  🔬 硬科技门控: 5399 → 460 只 (仅国家鼓励的硬科技赛道)
  ⚡ K线预取: 5416 只, 0.7s
  ✅ 筛选: 54 只
  📊 涨跌比: 30% | 5日均: 54% | 10日均: 60% | 🟢bull | 前日: 2025-11-03
  🔬 硬科技门控: 5399 → 460 只 (仅国家鼓励的硬科技赛道)
  ⚡ K线预取: 5416 只, 0.7s
  ✅ 筛选: 68 只
  📊 涨跌比: 64% | 5日均: 51% | 10日均: 49% | 🟡neutral | 前日: 2025-11-04
  🔬 硬科技门控: 5399 → 460 只 (仅国家鼓励的硬科技赛道)
  ⚡ K线预取: 5417 只, 0.7s
  ✅ 筛选: 38 只
  📊 涨跌比: 56% | 5日均: 54% | 10日均: 55% | 🟡neutral | 前日: 2025-11-05
  🔬 硬科技门控: 5399 → 460 只 (仅国家鼓励的硬科技赛道)
  ⚡ K线预取: 5417 只, 0.8s
  ✅ 筛选: 48 只
  📊 涨跌比: 40% | 5日均: 48% | 10日均: 49% | 🟡neutral | 前日: 2025-11-06
  🔬 硬科技门控: 5399 → 460 只 (仅国家鼓励的硬科技赛道)
  ⚡ K线预取: 5418 只, 0.8s
  ✅ 筛选: 35 只
  📊 涨跌比: 63% | 5日均: 54% | 10日均: 54% | 🟡neutral | 前日: 2025-11-07
  🔬 硬科技门控: 5399 → 460 只 (仅国家鼓励的硬科技赛道)
  ⚡ K线预取: 5419 只, 0.8s
  ✅ 筛选: 50 只
  📊 涨跌比: 52% | 5日均: 49% | 10日均: 48% | 🟡neutral | 前日: 2025-11-10
  🔬 硬科技门控: 5399 → 460 只 (仅国家鼓励的硬科技赛道)
  ⚡ K线预取: 5419 只, 0.8s
  ✅ 筛选: 53 只
  📊 涨跌比: 33% | 5日均: 51% | 10日均: 52% | 🟡neutral | 前日: 2025-11-11
  🔬 硬科技门控: 5399 → 460 只 (仅国家鼓励的硬科技赛道)
  ⚡ K线预取: 5420 只, 0.8s
  ✅ 筛选: 61 只
  📊 涨跌比: 75% | 5日均: 59% | 10日均: 54% | 🟡neutral | 前日: 2025-11-12
  🔬 硬科技门控: 5399 → 460 只 (仅国家鼓励的硬科技赛道)
  ⚡ K线预取: 5420 只, 0.8s
  ✅ 筛选: 81 只
  📊 涨跌比: 36% | 5日均: 44% | 10日均: 47% | 🟠weak | 前日: 2025-11-13
  🔬 硬科技门控: 5399 → 460 只 (仅国家鼓励的硬科技赛道)
  ⚡ K线预取: 5420 只, 0.8s
  ✅ 筛选: 87 只
  📊 涨跌比: 48% | 5日均: 56% | 10日均: 58% | 🟢bull | 前日: 2025-11-14
  🔬 硬科技门控: 5399 → 460 只 (仅国家鼓励的硬科技赛道)
  ⚡ K线预取: 5420 只, 0.8s
  ✅ 筛选: 71 只
  📊 涨跌比: 24% | 5日均: 42% | 10日均: 43% | 🟠weak | 前日: 2025-11-17
  🔬 硬科技门控: 5399 → 460 只 (仅国家鼓励的硬科技赛道)
  ⚡ K线预取: 5420 只, 0.8s
  ✅ 筛选: 83 只
  📊 涨跌比: 22% | 5日均: 48% | 10日均: 52% | 🟡neutral | 前日: 2025-11-18
  🔬 硬科技门控: 5399 → 460 只 (仅国家鼓励的硬科技赛道)
  ⚡ K线预取: 5420 只, 0.9s
  ✅ 筛选: 63 只
  📊 涨跌比: 27% | 5日均: 37% | 10日均: 40% | 🟠weak | 前日: 2025-11-19
  🔬 硬科技门控: 5399 → 460 只 (仅国家鼓励的硬科技赛道)
  ⚡ K线预取: 5420 只, 0.9s
  ✅ 筛选: 46 只
  🛑 熔断: 涨跌比6%<18%
  📊 涨跌比: 79% | 5日均: 40% | 10日均: 38% | 🟠weak | 前日: 2025-11-21
  🔬 硬科技门控: 5399 → 460 只 (仅国家鼓励的硬科技赛道)
  ⚡ K线预取: 5421 只, 0.9s
  ✅ 筛选: 14 只
  📊 涨跌比: 81% | 5日均: 47% | 10日均: 44% | 🟠weak | 前日: 2025-11-24
  🔬 硬科技门控: 5399 → 460 只 (仅国家鼓励的硬科技赛道)
  ⚡ K线预取: 5422 只, 0.9s
  ✅ 筛选: 23 只
  📊 涨跌比: 32% | 5日均: 40% | 10日均: 40% | 🟠weak | 前日: 2025-11-25
  🔬 硬科技门控: 5399 → 460 只 (仅国家鼓励的硬科技赛道)
  ⚡ K线预取: 5422 只, 0.9s
  ✅ 筛选: 42 只
  📊 涨跌比: 54% | 5日均: 42% | 10日均: 45% | 🟠weak | 前日: 2025-11-26
  🔬 硬科技门控: 5399 → 460 只 (仅国家鼓励的硬科技赛道)
  ⚡ K线预取: 5425 只, 0.9s
  ✅ 筛选: 37 只
  📊 涨跌比: 78% | 5日均: 48% | 10日均: 44% | 🟠weak | 前日: 2025-11-27
  🔬 硬科技门控: 5399 → 460 只 (仅国家鼓励的硬科技赛道)
  ⚡ K线预取: 5426 只, 0.9s
  ✅ 筛选: 49 只
   → 152笔 | 加权net均值 -1.3441% | 净胜率 29.6% | 24s
[24/24] OOS=2025-12 (train 2025-09..2025-11)
  📊 涨跌比: 65% | 5日均: 46% | 10日均: 44% | 🟠weak | 前日: 2025-11-28
  🔬 硬科技门控: 5399 → 460 只 (仅国家鼓励的硬科技赛道)
  ⚡ K线预取: 5424 只, 0.7s
  ✅ 筛选: 51 只
  📊 涨跌比: 29% | 5日均: 49% | 10日均: 48% | 🟡neutral | 前日: 2025-12-01
  🔬 硬科技门控: 5399 → 460 只 (仅国家鼓励的硬科技赛道)
  ⚡ K线预取: 5426 只, 0.7s
  ✅ 筛选: 61 只
  📊 涨跌比: 27% | 5日均: 47% | 10日均: 46% | 🟠weak | 前日: 2025-12-02
  🔬 硬科技门控: 5399 → 460 只 (仅国家鼓励的硬科技赛道)
  ⚡ K线预取: 5426 只, 0.7s
  ✅ 筛选: 73 只
  📊 涨跌比: 28% | 5日均: 49% | 10日均: 49% | 🟡neutral | 前日: 2025-12-03
  🔬 硬科技门控: 5399 → 460 只 (仅国家鼓励的硬科技赛道)
  ⚡ K线预取: 5427 只, 0.8s
  ✅ 筛选: 57 只
  📊 涨跌比: 82% | 5日均: 62% | 10日均: 54% | 🟡neutral | 前日: 2025-12-04
  🔬 硬科技门控: 5399 → 460 只 (仅国家鼓励的硬科技赛道)
  ⚡ K线预取: 5427 只, 0.8s
  ✅ 筛选: 44 只
  📊 涨跌比: 65% | 5日均: 46% | 10日均: 48% | 🟠weak | 前日: 2025-12-05
  🔬 硬科技门控: 5399 → 460 只 (仅国家鼓励的硬科技赛道)
  ⚡ K线预取: 5428 只, 0.7s
  ✅ 筛选: 46 只
  📊 涨跌比: 24% | 5日均: 50% | 10日均: 56% | 🟢bull | 前日: 2025-12-08
  🔬 硬科技门控: 5399 → 460 只 (仅国家鼓励的硬科技赛道)
  ⚡ K线预取: 5428 只, 0.8s
  ✅ 筛选: 75 只
  📊 涨跌比: 46% | 5日均: 49% | 10日均: 48% | 🟠weak | 前日: 2025-12-09
  🔬 硬科技门控: 5399 → 460 只 (仅国家鼓励的硬科技赛道)
  ⚡ K线预取: 5429 只, 0.8s
  ✅ 筛选: 39 只
  📊 涨跌比: 19% | 5日均: 43% | 10日均: 47% | 🟠weak | 前日: 2025-12-10
  🔬 硬科技门控: 5399 → 460 只 (仅国家鼓励的硬科技赛道)
  ⚡ K线预取: 5430 只, 0.8s
  ✅ 筛选: 81 只
  📊 涨跌比: 51% | 5日均: 44% | 10日均: 46% | 🟠weak | 前日: 2025-12-11
  🔬 硬科技门控: 5399 → 460 只 (仅国家鼓励的硬科技赛道)
  ⚡ K线预取: 5430 只, 0.8s
  ✅ 筛选: 62 只
  📊 涨跌比: 44% | 5日均: 39% | 10日均: 41% | 🟠weak | 前日: 2025-12-12
  🔬 硬科技门控: 5399 → 460 只 (仅国家鼓励的硬科技赛道)
  ⚡ K线预取: 5430 只, 0.8s
  ✅ 筛选: 81 只
  📊 涨跌比: 20% | 5日均: 42% | 10日均: 43% | 🟠weak | 前日: 2025-12-15
  🔬 硬科技门控: 5399 → 460 只 (仅国家鼓励的硬科技赛道)
  ⚡ K线预取: 5431 只, 0.8s
  ✅ 筛选: 79 只
  📊 涨跌比: 69% | 5日均: 48% | 10日均: 43% | 🟠weak | 前日: 2025-12-16
  🔬 硬科技门控: 5399 → 460 只 (仅国家鼓励的硬科技赛道)
  ⚡ K线预取: 5431 只, 0.8s
  ✅ 筛选: 79 只
  📊 涨跌比: 54% | 5日均: 47% | 10日均: 44% | 🟠weak | 前日: 2025-12-17
  🔬 硬科技门控: 5399 → 460 只 (仅国家鼓励的硬科技赛道)
  ⚡ K线预取: 5432 只, 0.8s
  ✅ 筛选: 88 只
  📊 涨跌比: 83% | 5日均: 48% | 10日均: 48% | 🟠weak | 前日: 2025-12-18
  🔬 硬科技门控: 5399 → 460 只 (仅国家鼓励的硬科技赛道)
  ⚡ K线预取: 5432 只, 0.9s
  ✅ 筛选: 77 只
  📊 涨跌比: 57% | 5日均: 46% | 10日均: 46% | 🟠weak | 前日: 2025-12-19
  🔬 硬科技门控: 5399 → 460 只 (仅国家鼓励的硬科技赛道)
  ⚡ K线预取: 5436 只, 0.9s
  ✅ 筛选: 64 只
  📊 涨跌比: 28% | 5日均: 49% | 10日均: 48% | 🟡neutral | 前日: 2025-12-22
  🔬 硬科技门控: 5399 → 460 只 (仅国家鼓励的硬科技赛道)
  ⚡ K线预取: 5436 只, 0.9s
  ✅ 筛选: 87 只
  📊 涨跌比: 79% | 5日均: 52% | 10日均: 49% | 🟡neutral | 前日: 2025-12-23
  🔬 硬科技门控: 5399 → 460 只 (仅国家鼓励的硬科技赛道)
  ⚡ K线预取: 5436 只, 0.9s
  ✅ 筛选: 85 只
  📊 涨跌比: 72% | 5日均: 59% | 10日均: 54% | 🟡neutral | 前日: 2025-12-24
  🔬 硬科技门控: 5399 → 460 只 (仅国家鼓励的硬科技赛道)
  ⚡ K线预取: 5436 只, 0.9s
  ✅ 筛选: 65 只
  📊 涨跌比: 35% | 5日均: 49% | 10日均: 50% | 🟡neutral | 前日: 2025-12-25
  🔬 硬科技门控: 5399 → 460 只 (仅国家鼓励的硬科技赛道)
  ⚡ K线预取: 5437 只, 0.9s
  ✅ 筛选: 99 只
  📊 涨跌比: 38% | 5日均: 58% | 10日均: 59% | 🟢bull | 前日: 2025-12-26
  🔬 硬科技门控: 5399 → 460 只 (仅国家鼓励的硬科技赛道)
  ⚡ K线预取: 5437 只, 1.0s
  ✅ 筛选: 103 只
  📊 涨跌比: 35% | 5日均: 52% | 10日均: 50% | 🟡neutral | 前日: 2025-12-29
  🔬 硬科技门控: 5399 → 460 只 (仅国家鼓励的硬科技赛道)
  ⚡ K线预取: 5438 只, 1.0s
  ✅ 筛选: 102 只
  📊 涨跌比: 47% | 5日均: 54% | 10日均: 56% | 🟢bull | 前日: 2025-12-30
  🔬 硬科技门控: 5399 → 460 只 (仅国家鼓励的硬科技赛道)
  ⚡ K线预取: 5439 只, 1.0s
  ✅ 筛选: 79 只
   → 194笔 | 加权net均值 +0.0951% | 净胜率 40.7% | 29s

======================================================================
  walk-forward 样本外聚合 (24 月)
======================================================================
  逐月加权net均值: mean -1.4923%  median -1.3967%  std 1.7272%
  正月数: 4/24 = 16.7%
  Sharpe-like (年化, mean/std*√12): -2.993

  全样本外聚合 (笔级):
    总笔数: 2845
    净均值: -1.2634%  净中位: -0.2461%  净胜率: 34.0%
    加权净均值: -1.2634%  加权净累计: -3594.36%

  逐月表 (样本外):
  月份         笔数     加权net均值      净胜率      train窗口
  ------------------------------------------------------------
  2024-01    29        -6.4975%    6.9%  2023-10..2023-12
  2024-02    16        +0.0018%   25.0%  2023-11..2024-01
  2024-03    128       -0.8493%   45.3%  2023-12..2024-02
  2024-04    64        -3.5246%   25.0%  2024-01..2024-03
  2024-05    127       -2.2974%   28.3%  2024-02..2024-04
  2024-06    53        -1.4900%   26.4%  2024-03..2024-05
  2024-07    78        -2.5506%   29.5%  2024-04..2024-06
  2024-08    86        -1.9313%   25.6%  2024-05..2024-07
  2024-09    54        +2.0304%   46.3%  2024-06..2024-08
  2024-10    150       -0.2111%   44.7%  2024-07..2024-09
  2024-11    128       -1.9135%   32.0%  2024-08..2024-10
  2024-12    111       -4.6585%   19.8%  2024-09..2024-11
  2025-01    80        -1.4494%   27.5%  2024-10..2024-12
  2025-02    131       -0.2268%   38.9%  2024-11..2025-01
  2025-03    186       -2.0047%   24.7%  2024-12..2025-02
  2025-04    119       -1.1637%   33.6%  2025-01..2025-03
  2025-05    160       -0.6263%   35.0%  2025-02..2025-04
  2025-06    156       -1.0122%   33.3%  2025-03..2025-05
  2025-07    210       +0.1779%   49.0%  2025-04..2025-06
  2025-08    167       -0.2242%   40.1%  2025-05..2025-07
  2025-09    141       -2.0397%   26.2%  2025-06..2025-08
  2025-10    125       -2.1058%   30.4%  2025-07..2025-09
  2025-11    152       -1.3441%   29.6%  2025-08..2025-10
  2025-12    194       +0.0951%   40.7%  2025-09..2025-11

📁 导出: outputs/walk_forward_2024-2025_frozen_v59.json
   样本外净符号 (加权聚合): 负
